
R version 3.3.1 (2016-06-21) -- "Bug in Your Hair"
Copyright (C) 2016 The R Foundation for Statistical Computing
Platform: x86_64-pc-linux-gnu (64-bit)

R is free software and comes with ABSOLUTELY NO WARRANTY.
You are welcome to redistribute it under certain conditions.
Type 'license()' or 'licence()' for distribution details.

  Natural language support but running in an English locale

R is a collaborative project with many contributors.
Type 'contributors()' for more information and
'citation()' on how to cite R or R packages in publications.

Type 'demo()' for some demos, 'help()' for on-line help, or
'help.start()' for an HTML browser interface to help.
Type 'q()' to quit R.

During startup - Warning message:
Setting LC_CTYPE failed, using "C" 
> args <- (commandArgs(trailingOnly = TRUE))
> for (i in 1:length(args)) {
+   eval(parse(text = args[[i]]))
+ }
> 
> suppressPackageStartupMessages(library(iCOBRA))
> suppressPackageStartupMessages(library(dplyr))
> suppressPackageStartupMessages(library(tidyr))
> suppressPackageStartupMessages(library(reshape2))
> 
> print(dataset)
[1] "GSE45719"
> print(filt)
[1] "TPM_1_25p"
> 
> if (filt == "") {
+   exts <- filt
+ } else {
+   exts <- paste0("_", filt)
+ }
> 
> get_method <- function(x) sapply(strsplit(x, "\\."), .subset, 1)
> get_nsamples <- function(x) sapply(strsplit(x, "\\."), .subset, 2)
> get_repl <- function(x) sapply(strsplit(x, "\\."), .subset, 3)
> 
> cobratmp <- readRDS(paste0("figures/cobra_data/", dataset, exts, "_cobra.rds"))
> pval(cobratmp)[is.na(pval(cobratmp))] <- 1
> padj(cobratmp)[is.na(padj(cobratmp))] <- 1
> 
> summary_data <- list()
> 
> fdr_all <- list()
> fpr_all <- list()
> tpr_all <- list()
> f1_all <- list()
> 
> for (m in gsub("\\.truth", "", grep("\\.truth", colnames(truth(cobratmp)), value = TRUE))) {
+   message(m)
+   cobrares <- calculate_performance(cobratmp, onlyshared = FALSE, 
+                                     aspects = c("tpr", "fpr", "fdrtpr"), 
+                                     binary_truth = paste0(m, ".truth"), 
+                                     thrs = 0.05)
+   fdr_all[[m]] <- data.frame(fdrtpr(cobrares)[, c("method", "FDR")], 
+                              truth = paste0(m, " (", sum(truth(cobratmp)[, paste0(m, ".truth")], 
+                                                          na.rm = TRUE), ")"),
+                              stringsAsFactors = FALSE)
+   fpr_all[[m]] <- data.frame(fpr(cobrares)[, c("method", "FPR")], 
+                              truth = paste0(m, " (", sum(truth(cobratmp)[, paste0(m, ".truth")], 
+                                                          na.rm = TRUE), ")"),
+                              stringsAsFactors = FALSE)
+   tpr_all[[m]] <- data.frame(tpr(cobrares)[, c("method", "TPR")], 
+                              truth = paste0(m, " (", sum(truth(cobratmp)[, paste0(m, ".truth")], 
+                                                          na.rm = TRUE), ")"),
+                              stringsAsFactors = FALSE)
+   tmp <- fdrtpr(cobrares) %>% dplyr::mutate(F1 = 2*TP/(2*TP + FN + FP))
+   f1_all[[m]] <- data.frame(tmp[, c("method", "F1")],
+                             truth = paste0(m, " (", sum(truth(cobratmp)[, paste0(m, ".truth")],
+                                                         na.rm = TRUE), ")"),
+                             stringsAsFactors = FALSE)
+ }
edgeRLRT_TPM_1_25p
SAMseq_TPM_1_25p
zingeR_TPM_1_25p
edgeRQLF_TPM_1_25p
NODES_TPM_1_25p
DESeq2_TPM_1_25p
DESeq2nofilt_TPM_1_25p
edgeRLRTdeconv_TPM_1_25p
SCDE_TPM_1_25p
edgeRLRTrobust_TPM_1_25p
voomlimma_TPM_1_25p
zingeRauto_TPM_1_25p
Seurat_TPM_1_25p
Seuratnofilt_TPM_1_25p
DESeq2census_TPM_1_25p
edgeRLRTcensus_TPM_1_25p
monoclecensus_TPM_1_25p
monocle_TPM_1_25p
D3E_TPM_1_25p
Wilcoxon_TPM_1_25p
BPSC_TPM_1_25p
MASTcpm_TPM_1_25p
MASTcpmDetRate_TPM_1_25p
MASTtpm_TPM_1_25p
MASTtpmDetRate_TPM_1_25p
zingeRautonofilt_TPM_1_25p
> RES <- list(fdr = do.call(rbind, fdr_all) %>% dcast(truth ~ method, value.var = "FDR") %>% as.data.frame(),
+             fpr = do.call(rbind, fpr_all) %>% dcast(truth ~ method, value.var = "FPR") %>% as.data.frame(),
+             tpr = do.call(rbind, tpr_all) %>% dcast(truth ~ method, value.var = "TPR") %>% as.data.frame(),
+             f1 = do.call(rbind, f1_all) %>% dcast(truth ~ method, value.var = "F1") %>% as.data.frame())
> RES <- lapply(RES, function(tb) {
+   rownames(tb) <- tb$truth
+   tb$truth <- NULL
+   tb[order(rownames(tb)), ]
+ })
> 
> saveRDS(RES, file = paste0("figures/results_relativetruth_all/", dataset, exts, "_relative_performance.rds"))
> 
> sessionInfo()
R version 3.3.1 (2016-06-21)
Platform: x86_64-pc-linux-gnu (64-bit)
Running under: Ubuntu 14.04.5 LTS

locale:
 [1] LC_CTYPE=C                 LC_NUMERIC=C              
 [3] LC_TIME=en_CA.UTF-8        LC_COLLATE=en_CA.UTF-8    
 [5] LC_MONETARY=en_CA.UTF-8    LC_MESSAGES=en_CA.UTF-8   
 [7] LC_PAPER=en_CA.UTF-8       LC_NAME=C                 
 [9] LC_ADDRESS=C               LC_TELEPHONE=C            
[11] LC_MEASUREMENT=en_CA.UTF-8 LC_IDENTIFICATION=C       

attached base packages:
[1] stats     graphics  grDevices utils     datasets  methods   base     

other attached packages:
[1] reshape2_1.4.2 tidyr_0.6.1    dplyr_0.5.0    iCOBRA_1.2.0  

loaded via a namespace (and not attached):
 [1] Rcpp_0.12.9          magrittr_1.5         munsell_0.4.3       
 [4] colorspace_1.3-2     xtable_1.8-2         R6_2.2.0            
 [7] stringr_1.1.0        ROCR_1.0-7           plyr_1.8.4          
[10] caTools_1.17.1       tools_3.3.1          shinydashboard_0.5.3
[13] DT_0.2               grid_3.3.1           gtable_0.2.0        
[16] KernSmooth_2.23-15   DBI_0.5-1            gtools_3.5.0        
[19] htmltools_0.3.5      lazyeval_0.2.0       assertthat_0.1      
[22] digest_0.6.12        tibble_1.2           gridExtra_2.2.1     
[25] shiny_1.0.0          ggplot2_2.2.1        bitops_1.0-6        
[28] htmlwidgets_0.8      mime_0.5             stringi_1.1.2       
[31] gdata_2.17.0         limma_3.30.8         UpSetR_1.3.2        
[34] shinyBS_0.61         gplots_3.0.1         scales_0.4.1        
[37] httpuv_1.3.3        
> 
> proc.time()
    user   system  elapsed 
3987.970   54.908 4059.392 
