
R version 3.3.1 (2016-06-21) -- "Bug in Your Hair"
Copyright (C) 2016 The R Foundation for Statistical Computing
Platform: x86_64-pc-linux-gnu (64-bit)

R is free software and comes with ABSOLUTELY NO WARRANTY.
You are welcome to redistribute it under certain conditions.
Type 'license()' or 'licence()' for distribution details.

  Natural language support but running in an English locale

R is a collaborative project with many contributors.
Type 'contributors()' for more information and
'citation()' on how to cite R or R packages in publications.

Type 'demo()' for some demos, 'help()' for on-line help, or
'help.start()' for an HTML browser interface to help.
Type 'q()' to quit R.

During startup - Warning message:
Setting LC_CTYPE failed, using "C" 
> args <- (commandArgs(trailingOnly = TRUE))
> for (i in 1:length(args)) {
+   eval(parse(text = args[[i]]))
+ }
> 
> datasets <- strsplit(datasets, ",")[[1]]
> names(datasets) <- datasets
> 
> print(datasets)
           GSE74596mock            GSE45719mock           EMTAB2805mock 
         "GSE74596mock"          "GSE45719mock"         "EMTAB2805mock" 
  GSE60749-GPL13112mock   GSE48968-GPL13112mock 
"GSE60749-GPL13112mock" "GSE48968-GPL13112mock" 
> print(filt)
[1] ""
> 
> source("/home/Shared/data/seq/conquer/comparison/scripts/plot_setup.R")
Warning message:
package 'ggplot2' was built under R version 3.3.2 
> 
> if (filt == "") { 
+   exts <- filt
+ } else {
+   exts <- paste0("_", filt)
+ }
> names(cols) <- paste0(names(cols), exts)
> 
> ## -------------------------- Fraction NAs ---------------------------------- ##
> pdf(paste0("figures/summary_crossds/summary_fracNA", exts, ".pdf"), width = 14, height = 7)
> summary_data_list <- lapply(datasets, function(ds) {
+   readRDS(paste0("figures/cobra_data/", ds, exts, "_summary_data.rds"))
+ })
> tmp_data <- lapply(summary_data_list, function(L) {
+   L$all_data %>% filter(measurement == "fraczero") %>%
+     dplyr::group_by(dataset, method, ncells, repl) %>%
+     dplyr::summarize(fracNA = length(intersect(which(is.na(padj)), 
+                                                which(tested == TRUE)))/length(which(tested == TRUE)))
+ })

Execution halted
