
R version 3.3.1 (2016-06-21) -- "Bug in Your Hair"
Copyright (C) 2016 The R Foundation for Statistical Computing
Platform: x86_64-pc-linux-gnu (64-bit)

R is free software and comes with ABSOLUTELY NO WARRANTY.
You are welcome to redistribute it under certain conditions.
Type 'license()' or 'licence()' for distribution details.

  Natural language support but running in an English locale

R is a collaborative project with many contributors.
Type 'contributors()' for more information and
'citation()' on how to cite R or R packages in publications.

Type 'demo()' for some demos, 'help()' for on-line help, or
'help.start()' for an HTML browser interface to help.
Type 'q()' to quit R.

During startup - Warning message:
Setting LC_CTYPE failed, using "C" 
> args <- (commandArgs(trailingOnly = TRUE))
> for (i in 1:length(args)) {
+   eval(parse(text = args[[i]]))
+ }
> 
> demethods <- strsplit(demethods, ",")[[1]]
> 
> print(demethods)
 [1] "edgeRLRT"          "SAMseq"            "Wilcoxon"         
 [4] "zingeR"            "edgeRQLF"          "NODES"            
 [7] "BPSC"              "DESeq2"            "edgeRLRTdeconv"   
[10] "MASTcounts"        "MASTcountsDetRate" "MASTtpm"          
[13] "SCDE"              "monocle"           "edgeRLRTrobust"   
[16] "voomlimma"        
> print(dataset)
[1] "EMTAB2805mock"
> print(config_file)
[1] "config/EMTAB2805mock.json"
> print(filt)
[1] "TPM_1_25p"
> 
> source("/home/Shared/data/seq/conquer/comparison/scripts/plot_functions.R")
> suppressPackageStartupMessages(library(iCOBRA))
> 
> cols <- c("#488d00", "#6400a6", "#8bff58", "#ff5cd5", "#9CC0AD",
+           "#ab0022", "#a3c6ff", "#e6a900", "#a996ff", "#401600",
+           "#ff6d9b", "#017671", "cyan", "red", "blue", "orange")
> if (filt == "") { 
+   exts <- filt
+ } else {
+   exts <- paste0("_", filt)
+ }
> names(cols) <- paste0(c("edgeRLRT", "zingeR", "SAMseq", "edgeRQLF", "NODES",
+                         "DESeq2", "edgeRLRTdeconv", "SCDE", "monocle", "edgeRLRTrobust", 
+                         "voomlimma", "Wilcoxon", "BPSC", "MASTcounts", "MASTcountsDetRate", 
+                         "MASTtpm"), exts)
> 
> ## Create iCOBRA object from the result files for the different methods
> (resfiles <- paste0("/home/Shared/data/seq/conquer/comparison/results/",
+                     dataset, "_", demethods, exts, ".rds"))
 [1] "/home/Shared/data/seq/conquer/comparison/results/EMTAB2805mock_edgeRLRT_TPM_1_25p.rds"         
 [2] "/home/Shared/data/seq/conquer/comparison/results/EMTAB2805mock_SAMseq_TPM_1_25p.rds"           
 [3] "/home/Shared/data/seq/conquer/comparison/results/EMTAB2805mock_Wilcoxon_TPM_1_25p.rds"         
 [4] "/home/Shared/data/seq/conquer/comparison/results/EMTAB2805mock_zingeR_TPM_1_25p.rds"           
 [5] "/home/Shared/data/seq/conquer/comparison/results/EMTAB2805mock_edgeRQLF_TPM_1_25p.rds"         
 [6] "/home/Shared/data/seq/conquer/comparison/results/EMTAB2805mock_NODES_TPM_1_25p.rds"            
 [7] "/home/Shared/data/seq/conquer/comparison/results/EMTAB2805mock_BPSC_TPM_1_25p.rds"             
 [8] "/home/Shared/data/seq/conquer/comparison/results/EMTAB2805mock_DESeq2_TPM_1_25p.rds"           
 [9] "/home/Shared/data/seq/conquer/comparison/results/EMTAB2805mock_edgeRLRTdeconv_TPM_1_25p.rds"   
[10] "/home/Shared/data/seq/conquer/comparison/results/EMTAB2805mock_MASTcounts_TPM_1_25p.rds"       
[11] "/home/Shared/data/seq/conquer/comparison/results/EMTAB2805mock_MASTcountsDetRate_TPM_1_25p.rds"
[12] "/home/Shared/data/seq/conquer/comparison/results/EMTAB2805mock_MASTtpm_TPM_1_25p.rds"          
[13] "/home/Shared/data/seq/conquer/comparison/results/EMTAB2805mock_SCDE_TPM_1_25p.rds"             
[14] "/home/Shared/data/seq/conquer/comparison/results/EMTAB2805mock_monocle_TPM_1_25p.rds"          
[15] "/home/Shared/data/seq/conquer/comparison/results/EMTAB2805mock_edgeRLRTrobust_TPM_1_25p.rds"   
[16] "/home/Shared/data/seq/conquer/comparison/results/EMTAB2805mock_voomlimma_TPM_1_25p.rds"        
> file.exists(resfiles)
 [1] TRUE TRUE TRUE TRUE TRUE TRUE TRUE TRUE TRUE TRUE TRUE TRUE TRUE TRUE TRUE
[16] TRUE
> cobra <- NULL
> timings <- list()
> for (rf in resfiles) {
+   rf <- readRDS(rf)
+   for (nm in names(rf)) {
+     print(names(rf[[nm]]))
+     timings[[nm]] <- rf[[nm]]$timing
+     df <- rf[[nm]]$df
+     if ("pval" %in% colnames(df)) {
+       cobra <- COBRAData(pval = setNames(data.frame(mt = df$pval,
+                                                     row.names = rownames(df)), nm),
+                          object_to_extend = cobra)
+     }
+     if ("padj" %in% colnames(df)) {
+       cobra <- COBRAData(padj = setNames(data.frame(mt = df$padj,
+                                                     row.names = rownames(df)), nm),
+                          object_to_extend = cobra)
+     }
+     if ("score" %in% colnames(df)) {
+       cobra <- COBRAData(score = setNames(data.frame(mt = df$score,
+                                                      row.names = rownames(df)), nm),
+                          object_to_extend = cobra)
+     }
+   }
+ }
[1] "session_info" "timing"       "tt"           "df"          
11896 new features and 1 new methods added to padj table
0 new features and 0 new methods added to score table
0 new features and 0 new annotations added to truth table
[1] "session_info" "timing"       "tt"           "df"          
210 new features and 1 new methods added to pval table
0 new features and 0 new methods added to score table
0 new features and 0 new annotations added to truth table
210 new features and 1 new methods added to padj table
0 new features and 0 new methods added to score table
0 new features and 0 new annotations added to truth table
[1] "session_info" "timing"       "tt"           "df"          
291 new features and 1 new methods added to pval table
0 new features and 0 new methods added to score table
0 new features and 0 new annotations added to truth table
291 new features and 1 new methods added to padj table
0 new features and 0 new methods added to score table
0 new features and 0 new annotations added to truth table
[1] "session_info" "timing"       "tt"           "df"          
171 new features and 1 new methods added to pval table
0 new features and 0 new methods added to score table
0 new features and 0 new annotations added to truth table
171 new features and 1 new methods added to padj table
0 new features and 0 new methods added to score table
0 new features and 0 new annotations added to truth table
[1] "session_info" "timing"       "tt"           "df"          
257 new features and 1 new methods added to pval table
0 new features and 0 new methods added to score table
0 new features and 0 new annotations added to truth table
257 new features and 1 new methods added to padj table
0 new features and 0 new methods added to score table
0 new features and 0 new annotations added to truth table
[1] "session_info" "timing"       "tt"           "df"          
135 new features and 1 new methods added to pval table
0 new features and 0 new methods added to score table
0 new features and 0 new annotations added to truth table
135 new features and 1 new methods added to padj table
0 new features and 0 new methods added to score table
0 new features and 0 new annotations added to truth table
[1] "session_info" "timing"       "tt"           "df"          
129 new features and 1 new methods added to pval table
0 new features and 0 new methods added to score table
0 new features and 0 new annotations added to truth table
129 new features and 1 new methods added to padj table
0 new features and 0 new methods added to score table
0 new features and 0 new annotations added to truth table
[1] "session_info" "timing"       "tt"           "df"          
175 new features and 1 new methods added to pval table
0 new features and 0 new methods added to score table
0 new features and 0 new annotations added to truth table
175 new features and 1 new methods added to padj table
0 new features and 0 new methods added to score table
0 new features and 0 new annotations added to truth table
[1] "session_info" "timing"       "tt"           "df"          
190 new features and 1 new methods added to pval table
0 new features and 0 new methods added to score table
0 new features and 0 new annotations added to truth table
190 new features and 1 new methods added to padj table
0 new features and 0 new methods added to score table
0 new features and 0 new annotations added to truth table
[1] "session_info" "timing"       "tt"           "df"          
151 new features and 1 new methods added to pval table
0 new features and 0 new methods added to score table
0 new features and 0 new annotations added to truth table
151 new features and 1 new methods added to padj table
0 new features and 0 new methods added to score table
0 new features and 0 new annotations added to truth table
[1] "session_info" "timing"       "res"          "df"          
0 new features and 1 new methods added to padj table
0 new features and 0 new methods added to score table
0 new features and 0 new annotations added to truth table
[1] "session_info" "timing"       "res"          "df"          
0 new features and 1 new methods added to padj table
0 new features and 0 new methods added to score table
0 new features and 0 new annotations added to truth table
[1] "session_info" "timing"       "res"          "df"          
0 new features and 1 new methods added to padj table
0 new features and 0 new methods added to score table
0 new features and 0 new annotations added to truth table
[1] "session_info" "timing"       "res"          "df"          
0 new features and 1 new methods added to padj table
0 new features and 0 new methods added to score table
0 new features and 0 new annotations added to truth table
[1] "session_info" "timing"       "res"          "df"          
0 new features and 1 new methods added to padj table
0 new features and 0 new methods added to score table
0 new features and 0 new annotations added to truth table
[1] "session_info" "timing"       "res"          "df"          
0 new features and 1 new methods added to padj table
0 new features and 0 new methods added to score table
0 new features and 0 new annotations added to truth table
[1] "session_info" "timing"       "res"          "df"          
0 new features and 1 new methods added to padj table
0 new features and 0 new methods added to score table
0 new features and 0 new annotations added to truth table
[1] "session_info" "timing"       "res"          "df"          
0 new features and 1 new methods added to padj table
0 new features and 0 new methods added to score table
0 new features and 0 new annotations added to truth table
[1] "session_info" "timing"       "res"          "df"          
0 new features and 1 new methods added to padj table
0 new features and 0 new methods added to score table
0 new features and 0 new annotations added to truth table
[1] "session_info" "timing"       "res"          "df"          
0 new features and 1 new methods added to padj table
0 new features and 0 new methods added to score table
0 new features and 0 new annotations added to truth table
[1] "session_info" "timing"       "df"          
0 new features and 1 new methods added to pval table
0 new features and 0 new methods added to score table
0 new features and 0 new annotations added to truth table
[1] "session_info" "timing"       "df"          
0 new features and 1 new methods added to pval table
0 new features and 0 new methods added to score table
0 new features and 0 new annotations added to truth table
[1] "session_info" "timing"       "df"          
0 new features and 1 new methods added to pval table
0 new features and 0 new methods added to score table
0 new features and 0 new annotations added to truth table
[1] "session_info" "timing"       "df"          
0 new features and 1 new methods added to pval table
0 new features and 0 new methods added to score table
0 new features and 0 new annotations added to truth table
[1] "session_info" "timing"       "df"          
0 new features and 1 new methods added to pval table
0 new features and 0 new methods added to score table
0 new features and 0 new annotations added to truth table
[1] "session_info" "timing"       "df"          
0 new features and 1 new methods added to pval table
0 new features and 0 new methods added to score table
0 new features and 0 new annotations added to truth table
[1] "session_info" "timing"       "df"          
0 new features and 1 new methods added to pval table
0 new features and 0 new methods added to score table
0 new features and 0 new annotations added to truth table
[1] "session_info" "timing"       "df"          
0 new features and 1 new methods added to pval table
0 new features and 0 new methods added to score table
0 new features and 0 new annotations added to truth table
[1] "session_info" "timing"       "df"          
0 new features and 1 new methods added to pval table
0 new features and 0 new methods added to score table
0 new features and 0 new annotations added to truth table
[1] "session_info" "timing"       "df"          
0 new features and 1 new methods added to pval table
0 new features and 0 new methods added to score table
0 new features and 0 new annotations added to truth table
[1] "session_info" "timing"       "tt"           "df"          
0 new features and 1 new methods added to pval table
0 new features and 0 new methods added to score table
0 new features and 0 new annotations added to truth table
0 new features and 1 new methods added to padj table
0 new features and 0 new methods added to score table
0 new features and 0 new annotations added to truth table
[1] "session_info" "timing"       "tt"           "df"          
0 new features and 1 new methods added to pval table
0 new features and 0 new methods added to score table
0 new features and 0 new annotations added to truth table
0 new features and 1 new methods added to padj table
0 new features and 0 new methods added to score table
0 new features and 0 new annotations added to truth table
[1] "session_info" "timing"       "tt"           "df"          
0 new features and 1 new methods added to pval table
0 new features and 0 new methods added to score table
0 new features and 0 new annotations added to truth table
0 new features and 1 new methods added to padj table
0 new features and 0 new methods added to score table
0 new features and 0 new annotations added to truth table
[1] "session_info" "timing"       "tt"           "df"          
0 new features and 1 new methods added to pval table
0 new features and 0 new methods added to score table
0 new features and 0 new annotations added to truth table
0 new features and 1 new methods added to padj table
0 new features and 0 new methods added to score table
0 new features and 0 new annotations added to truth table
[1] "session_info" "timing"       "tt"           "df"          
0 new features and 1 new methods added to pval table
0 new features and 0 new methods added to score table
0 new features and 0 new annotations added to truth table
0 new features and 1 new methods added to padj table
0 new features and 0 new methods added to score table
0 new features and 0 new annotations added to truth table
[1] "session_info" "timing"       "tt"           "df"          
0 new features and 1 new methods added to pval table
0 new features and 0 new methods added to score table
0 new features and 0 new annotations added to truth table
0 new features and 1 new methods added to padj table
0 new features and 0 new methods added to score table
0 new features and 0 new annotations added to truth table
[1] "session_info" "timing"       "tt"           "df"          
0 new features and 1 new methods added to pval table
0 new features and 0 new methods added to score table
0 new features and 0 new annotations added to truth table
0 new features and 1 new methods added to padj table
0 new features and 0 new methods added to score table
0 new features and 0 new annotations added to truth table
[1] "session_info" "timing"       "tt"           "df"          
0 new features and 1 new methods added to pval table
0 new features and 0 new methods added to score table
0 new features and 0 new annotations added to truth table
0 new features and 1 new methods added to padj table
0 new features and 0 new methods added to score table
0 new features and 0 new annotations added to truth table
[1] "session_info" "timing"       "tt"           "df"          
0 new features and 1 new methods added to pval table
0 new features and 0 new methods added to score table
0 new features and 0 new annotations added to truth table
0 new features and 1 new methods added to padj table
0 new features and 0 new methods added to score table
0 new features and 0 new annotations added to truth table
[1] "session_info" "timing"       "tt"           "df"          
0 new features and 1 new methods added to pval table
0 new features and 0 new methods added to score table
0 new features and 0 new annotations added to truth table
0 new features and 1 new methods added to padj table
0 new features and 0 new methods added to score table
0 new features and 0 new annotations added to truth table
[1] "session_info" "timing"       "tt"           "df"          
0 new features and 1 new methods added to pval table
0 new features and 0 new methods added to score table
0 new features and 0 new annotations added to truth table
0 new features and 1 new methods added to padj table
0 new features and 0 new methods added to score table
0 new features and 0 new annotations added to truth table
[1] "session_info" "timing"       "tt"           "df"          
0 new features and 1 new methods added to pval table
0 new features and 0 new methods added to score table
0 new features and 0 new annotations added to truth table
0 new features and 1 new methods added to padj table
0 new features and 0 new methods added to score table
0 new features and 0 new annotations added to truth table
[1] "session_info" "timing"       "tt"           "df"          
0 new features and 1 new methods added to pval table
0 new features and 0 new methods added to score table
0 new features and 0 new annotations added to truth table
0 new features and 1 new methods added to padj table
0 new features and 0 new methods added to score table
0 new features and 0 new annotations added to truth table
[1] "session_info" "timing"       "tt"           "df"          
0 new features and 1 new methods added to pval table
0 new features and 0 new methods added to score table
0 new features and 0 new annotations added to truth table
0 new features and 1 new methods added to padj table
0 new features and 0 new methods added to score table
0 new features and 0 new annotations added to truth table
[1] "session_info" "timing"       "tt"           "df"          
0 new features and 1 new methods added to pval table
0 new features and 0 new methods added to score table
0 new features and 0 new annotations added to truth table
0 new features and 1 new methods added to padj table
0 new features and 0 new methods added to score table
0 new features and 0 new annotations added to truth table
[1] "session_info" "timing"       "tt"           "df"          
0 new features and 1 new methods added to pval table
0 new features and 0 new methods added to score table
0 new features and 0 new annotations added to truth table
0 new features and 1 new methods added to padj table
0 new features and 0 new methods added to score table
0 new features and 0 new annotations added to truth table
[1] "session_info" "timing"       "tt"           "df"          
0 new features and 1 new methods added to pval table
0 new features and 0 new methods added to score table
0 new features and 0 new annotations added to truth table
0 new features and 1 new methods added to padj table
0 new features and 0 new methods added to score table
0 new features and 0 new annotations added to truth table
[1] "session_info" "timing"       "tt"           "df"          
0 new features and 1 new methods added to pval table
0 new features and 0 new methods added to score table
0 new features and 0 new annotations added to truth table
0 new features and 1 new methods added to padj table
0 new features and 0 new methods added to score table
0 new features and 0 new annotations added to truth table
[1] "session_info" "timing"       "tt"           "df"          
0 new features and 1 new methods added to pval table
0 new features and 0 new methods added to score table
0 new features and 0 new annotations added to truth table
0 new features and 1 new methods added to padj table
0 new features and 0 new methods added to score table
0 new features and 0 new annotations added to truth table
[1] "session_info" "timing"       "tt"           "df"          
0 new features and 1 new methods added to pval table
0 new features and 0 new methods added to score table
0 new features and 0 new annotations added to truth table
0 new features and 1 new methods added to padj table
0 new features and 0 new methods added to score table
0 new features and 0 new annotations added to truth table
[1] "session_info" "timing"       "res"          "df"          
0 new features and 1 new methods added to padj table
0 new features and 0 new methods added to score table
0 new features and 0 new annotations added to truth table
[1] "session_info" "timing"       "res"          "df"          
0 new features and 1 new methods added to padj table
0 new features and 0 new methods added to score table
0 new features and 0 new annotations added to truth table
[1] "session_info" "timing"       "res"          "df"          
0 new features and 1 new methods added to padj table
0 new features and 0 new methods added to score table
0 new features and 0 new annotations added to truth table
[1] "session_info" "timing"       "res"          "df"          
0 new features and 1 new methods added to padj table
0 new features and 0 new methods added to score table
0 new features and 0 new annotations added to truth table
[1] "session_info" "timing"       "res"          "df"          
0 new features and 1 new methods added to padj table
0 new features and 0 new methods added to score table
0 new features and 0 new annotations added to truth table
[1] "session_info" "timing"       "res"          "df"          
0 new features and 1 new methods added to padj table
0 new features and 0 new methods added to score table
0 new features and 0 new annotations added to truth table
[1] "session_info" "timing"       "res"          "df"          
0 new features and 1 new methods added to padj table
0 new features and 0 new methods added to score table
0 new features and 0 new annotations added to truth table
[1] "session_info" "timing"       "res"          "df"          
0 new features and 1 new methods added to padj table
0 new features and 0 new methods added to score table
0 new features and 0 new annotations added to truth table
[1] "session_info" "timing"       "res"          "df"          
0 new features and 1 new methods added to padj table
0 new features and 0 new methods added to score table
0 new features and 0 new annotations added to truth table
[1] "session_info" "timing"       "res"          "df"          
0 new features and 1 new methods added to padj table
0 new features and 0 new methods added to score table
0 new features and 0 new annotations added to truth table
[1] "session_info" "timing"       "res"          "df"          
0 new features and 1 new methods added to pval table
0 new features and 0 new methods added to score table
0 new features and 0 new annotations added to truth table
[1] "session_info" "timing"       "res"          "df"          
0 new features and 1 new methods added to pval table
0 new features and 0 new methods added to score table
0 new features and 0 new annotations added to truth table
[1] "session_info" "timing"       "res"          "df"          
0 new features and 1 new methods added to pval table
0 new features and 0 new methods added to score table
0 new features and 0 new annotations added to truth table
[1] "session_info" "timing"       "res"          "df"          
0 new features and 1 new methods added to pval table
0 new features and 0 new methods added to score table
0 new features and 0 new annotations added to truth table
[1] "session_info" "timing"       "res"          "df"          
0 new features and 1 new methods added to pval table
0 new features and 0 new methods added to score table
0 new features and 0 new annotations added to truth table
[1] "session_info" "timing"       "res"          "df"          
0 new features and 1 new methods added to pval table
0 new features and 0 new methods added to score table
0 new features and 0 new annotations added to truth table
[1] "session_info" "timing"       "res"          "df"          
0 new features and 1 new methods added to pval table
0 new features and 0 new methods added to score table
0 new features and 0 new annotations added to truth table
[1] "session_info" "timing"       "res"          "df"          
0 new features and 1 new methods added to pval table
0 new features and 0 new methods added to score table
0 new features and 0 new annotations added to truth table
[1] "session_info" "timing"       "res"          "df"          
0 new features and 1 new methods added to pval table
0 new features and 0 new methods added to score table
0 new features and 0 new annotations added to truth table
[1] "session_info" "timing"       "res"          "df"          
0 new features and 1 new methods added to pval table
0 new features and 0 new methods added to score table
0 new features and 0 new annotations added to truth table
[1] "session_info" "timing"       "res"          "df"          
0 new features and 1 new methods added to pval table
0 new features and 0 new methods added to score table
0 new features and 0 new annotations added to truth table
0 new features and 1 new methods added to padj table
0 new features and 0 new methods added to score table
0 new features and 0 new annotations added to truth table
[1] "session_info" "timing"       "res"          "df"          
0 new features and 1 new methods added to pval table
0 new features and 0 new methods added to score table
0 new features and 0 new annotations added to truth table
0 new features and 1 new methods added to padj table
0 new features and 0 new methods added to score table
0 new features and 0 new annotations added to truth table
[1] "session_info" "timing"       "res"          "df"          
0 new features and 1 new methods added to pval table
0 new features and 0 new methods added to score table
0 new features and 0 new annotations added to truth table
0 new features and 1 new methods added to padj table
0 new features and 0 new methods added to score table
0 new features and 0 new annotations added to truth table
[1] "session_info" "timing"       "res"          "df"          
0 new features and 1 new methods added to pval table
0 new features and 0 new methods added to score table
0 new features and 0 new annotations added to truth table
0 new features and 1 new methods added to padj table
0 new features and 0 new methods added to score table
0 new features and 0 new annotations added to truth table
[1] "session_info" "timing"       "res"          "df"          
0 new features and 1 new methods added to pval table
0 new features and 0 new methods added to score table
0 new features and 0 new annotations added to truth table
0 new features and 1 new methods added to padj table
0 new features and 0 new methods added to score table
0 new features and 0 new annotations added to truth table
[1] "session_info" "timing"       "res"          "df"          
0 new features and 1 new methods added to pval table
0 new features and 0 new methods added to score table
0 new features and 0 new annotations added to truth table
0 new features and 1 new methods added to padj table
0 new features and 0 new methods added to score table
0 new features and 0 new annotations added to truth table
[1] "session_info" "timing"       "res"          "df"          
0 new features and 1 new methods added to pval table
0 new features and 0 new methods added to score table
0 new features and 0 new annotations added to truth table
0 new features and 1 new methods added to padj table
0 new features and 0 new methods added to score table
0 new features and 0 new annotations added to truth table
[1] "session_info" "timing"       "res"          "df"          
0 new features and 1 new methods added to pval table
0 new features and 0 new methods added to score table
0 new features and 0 new annotations added to truth table
0 new features and 1 new methods added to padj table
0 new features and 0 new methods added to score table
0 new features and 0 new annotations added to truth table
[1] "session_info" "timing"       "res"          "df"          
0 new features and 1 new methods added to pval table
0 new features and 0 new methods added to score table
0 new features and 0 new annotations added to truth table
0 new features and 1 new methods added to padj table
0 new features and 0 new methods added to score table
0 new features and 0 new annotations added to truth table
[1] "session_info" "timing"       "res"          "df"          
0 new features and 1 new methods added to pval table
0 new features and 0 new methods added to score table
0 new features and 0 new annotations added to truth table
0 new features and 1 new methods added to padj table
0 new features and 0 new methods added to score table
0 new features and 0 new annotations added to truth table
[1] "session_info" "timing"       "tt"           "df"          
0 new features and 1 new methods added to pval table
0 new features and 0 new methods added to score table
0 new features and 0 new annotations added to truth table
0 new features and 1 new methods added to padj table
0 new features and 0 new methods added to score table
0 new features and 0 new annotations added to truth table
[1] "session_info" "timing"       "tt"           "df"          
0 new features and 1 new methods added to pval table
0 new features and 0 new methods added to score table
0 new features and 0 new annotations added to truth table
0 new features and 1 new methods added to padj table
0 new features and 0 new methods added to score table
0 new features and 0 new annotations added to truth table
[1] "session_info" "timing"       "tt"           "df"          
0 new features and 1 new methods added to pval table
0 new features and 0 new methods added to score table
0 new features and 0 new annotations added to truth table
0 new features and 1 new methods added to padj table
0 new features and 0 new methods added to score table
0 new features and 0 new annotations added to truth table
[1] "session_info" "timing"       "tt"           "df"          
0 new features and 1 new methods added to pval table
0 new features and 0 new methods added to score table
0 new features and 0 new annotations added to truth table
0 new features and 1 new methods added to padj table
0 new features and 0 new methods added to score table
0 new features and 0 new annotations added to truth table
[1] "session_info" "timing"       "tt"           "df"          
0 new features and 1 new methods added to pval table
0 new features and 0 new methods added to score table
0 new features and 0 new annotations added to truth table
0 new features and 1 new methods added to padj table
0 new features and 0 new methods added to score table
0 new features and 0 new annotations added to truth table
[1] "session_info" "timing"       "tt"           "df"          
0 new features and 1 new methods added to pval table
0 new features and 0 new methods added to score table
0 new features and 0 new annotations added to truth table
0 new features and 1 new methods added to padj table
0 new features and 0 new methods added to score table
0 new features and 0 new annotations added to truth table
[1] "session_info" "timing"       "tt"           "df"          
0 new features and 1 new methods added to pval table
0 new features and 0 new methods added to score table
0 new features and 0 new annotations added to truth table
0 new features and 1 new methods added to padj table
0 new features and 0 new methods added to score table
0 new features and 0 new annotations added to truth table
[1] "session_info" "timing"       "tt"           "df"          
0 new features and 1 new methods added to pval table
0 new features and 0 new methods added to score table
0 new features and 0 new annotations added to truth table
0 new features and 1 new methods added to padj table
0 new features and 0 new methods added to score table
0 new features and 0 new annotations added to truth table
[1] "session_info" "timing"       "tt"           "df"          
0 new features and 1 new methods added to pval table
0 new features and 0 new methods added to score table
0 new features and 0 new annotations added to truth table
0 new features and 1 new methods added to padj table
0 new features and 0 new methods added to score table
0 new features and 0 new annotations added to truth table
[1] "session_info" "timing"       "tt"           "df"          
0 new features and 1 new methods added to pval table
0 new features and 0 new methods added to score table
0 new features and 0 new annotations added to truth table
0 new features and 1 new methods added to padj table
0 new features and 0 new methods added to score table
0 new features and 0 new annotations added to truth table
[1] "session_info" "timing"       "res"          "df"          
0 new features and 1 new methods added to pval table
0 new features and 0 new methods added to score table
0 new features and 0 new annotations added to truth table
[1] "session_info" "timing"       "res"          "df"          
0 new features and 1 new methods added to pval table
0 new features and 0 new methods added to score table
0 new features and 0 new annotations added to truth table
[1] "session_info" "timing"       "res"          "df"          
0 new features and 1 new methods added to pval table
0 new features and 0 new methods added to score table
0 new features and 0 new annotations added to truth table
[1] "session_info" "timing"       "res"          "df"          
0 new features and 1 new methods added to pval table
0 new features and 0 new methods added to score table
0 new features and 0 new annotations added to truth table
[1] "session_info" "timing"       "res"          "df"          
0 new features and 1 new methods added to pval table
0 new features and 0 new methods added to score table
0 new features and 0 new annotations added to truth table
[1] "session_info" "timing"       "res"          "df"          
0 new features and 1 new methods added to pval table
0 new features and 0 new methods added to score table
0 new features and 0 new annotations added to truth table
[1] "session_info" "timing"       "res"          "df"          
0 new features and 1 new methods added to pval table
0 new features and 0 new methods added to score table
0 new features and 0 new annotations added to truth table
[1] "session_info" "timing"       "res"          "df"          
0 new features and 1 new methods added to pval table
0 new features and 0 new methods added to score table
0 new features and 0 new annotations added to truth table
[1] "session_info" "timing"       "res"          "df"          
0 new features and 1 new methods added to pval table
0 new features and 0 new methods added to score table
0 new features and 0 new annotations added to truth table
[1] "session_info" "timing"       "res"          "df"          
0 new features and 1 new methods added to pval table
0 new features and 0 new methods added to score table
0 new features and 0 new annotations added to truth table
[1] "session_info" "timing"       "res"          "df"          
0 new features and 1 new methods added to pval table
0 new features and 0 new methods added to score table
0 new features and 0 new annotations added to truth table
[1] "session_info" "timing"       "res"          "df"          
0 new features and 1 new methods added to pval table
0 new features and 0 new methods added to score table
0 new features and 0 new annotations added to truth table
[1] "session_info" "timing"       "res"          "df"          
0 new features and 1 new methods added to pval table
0 new features and 0 new methods added to score table
0 new features and 0 new annotations added to truth table
[1] "session_info" "timing"       "res"          "df"          
0 new features and 1 new methods added to pval table
0 new features and 0 new methods added to score table
0 new features and 0 new annotations added to truth table
[1] "session_info" "timing"       "res"          "df"          
0 new features and 1 new methods added to pval table
0 new features and 0 new methods added to score table
0 new features and 0 new annotations added to truth table
[1] "session_info" "timing"       "res"          "df"          
0 new features and 1 new methods added to pval table
0 new features and 0 new methods added to score table
0 new features and 0 new annotations added to truth table
[1] "session_info" "timing"       "res"          "df"          
0 new features and 1 new methods added to pval table
0 new features and 0 new methods added to score table
0 new features and 0 new annotations added to truth table
[1] "session_info" "timing"       "res"          "df"          
0 new features and 1 new methods added to pval table
0 new features and 0 new methods added to score table
0 new features and 0 new annotations added to truth table
[1] "session_info" "timing"       "res"          "df"          
0 new features and 1 new methods added to pval table
0 new features and 0 new methods added to score table
0 new features and 0 new annotations added to truth table
[1] "session_info" "timing"       "res"          "df"          
0 new features and 1 new methods added to pval table
0 new features and 0 new methods added to score table
0 new features and 0 new annotations added to truth table
[1] "session_info" "timing"       "res"          "df"          
0 new features and 1 new methods added to pval table
0 new features and 0 new methods added to score table
0 new features and 0 new annotations added to truth table
[1] "session_info" "timing"       "res"          "df"          
0 new features and 1 new methods added to pval table
0 new features and 0 new methods added to score table
0 new features and 0 new annotations added to truth table
[1] "session_info" "timing"       "res"          "df"          
0 new features and 1 new methods added to pval table
0 new features and 0 new methods added to score table
0 new features and 0 new annotations added to truth table
[1] "session_info" "timing"       "res"          "df"          
0 new features and 1 new methods added to pval table
0 new features and 0 new methods added to score table
0 new features and 0 new annotations added to truth table
[1] "session_info" "timing"       "res"          "df"          
0 new features and 1 new methods added to pval table
0 new features and 0 new methods added to score table
0 new features and 0 new annotations added to truth table
[1] "session_info" "timing"       "res"          "df"          
0 new features and 1 new methods added to pval table
0 new features and 0 new methods added to score table
0 new features and 0 new annotations added to truth table
[1] "session_info" "timing"       "res"          "df"          
0 new features and 1 new methods added to pval table
0 new features and 0 new methods added to score table
0 new features and 0 new annotations added to truth table
[1] "session_info" "timing"       "res"          "df"          
0 new features and 1 new methods added to pval table
0 new features and 0 new methods added to score table
0 new features and 0 new annotations added to truth table
[1] "session_info" "timing"       "res"          "df"          
0 new features and 1 new methods added to pval table
0 new features and 0 new methods added to score table
0 new features and 0 new annotations added to truth table
[1] "session_info" "timing"       "res"          "df"          
0 new features and 1 new methods added to pval table
0 new features and 0 new methods added to score table
0 new features and 0 new annotations added to truth table
[1] "session_info" "timing"       "res"          "df"          
0 new features and 1 new methods added to padj table
0 new features and 0 new methods added to score table
0 new features and 0 new annotations added to truth table
11896 new features and 1 new methods added to score table
0 new features and 0 new annotations added to truth table
[1] "session_info" "timing"       "res"          "df"          
0 new features and 1 new methods added to padj table
0 new features and 0 new annotations added to truth table
210 new features and 1 new methods added to score table
0 new features and 0 new annotations added to truth table
[1] "session_info" "timing"       "res"          "df"          
0 new features and 1 new methods added to padj table
0 new features and 0 new annotations added to truth table
291 new features and 1 new methods added to score table
0 new features and 0 new annotations added to truth table
[1] "session_info" "timing"       "res"          "df"          
0 new features and 1 new methods added to padj table
0 new features and 0 new annotations added to truth table
171 new features and 1 new methods added to score table
0 new features and 0 new annotations added to truth table
[1] "session_info" "timing"       "res"          "df"          
0 new features and 1 new methods added to padj table
0 new features and 0 new annotations added to truth table
257 new features and 1 new methods added to score table
0 new features and 0 new annotations added to truth table
[1] "session_info" "timing"       "res"          "df"          
0 new features and 1 new methods added to padj table
0 new features and 0 new annotations added to truth table
135 new features and 1 new methods added to score table
0 new features and 0 new annotations added to truth table
[1] "session_info" "timing"       "res"          "df"          
0 new features and 1 new methods added to padj table
0 new features and 0 new annotations added to truth table
129 new features and 1 new methods added to score table
0 new features and 0 new annotations added to truth table
[1] "session_info" "timing"       "res"          "df"          
0 new features and 1 new methods added to padj table
0 new features and 0 new annotations added to truth table
175 new features and 1 new methods added to score table
0 new features and 0 new annotations added to truth table
[1] "session_info" "timing"       "res"          "df"          
0 new features and 1 new methods added to padj table
0 new features and 0 new annotations added to truth table
190 new features and 1 new methods added to score table
0 new features and 0 new annotations added to truth table
[1] "session_info" "timing"       "res"          "df"          
0 new features and 1 new methods added to padj table
0 new features and 0 new annotations added to truth table
151 new features and 1 new methods added to score table
0 new features and 0 new annotations added to truth table
[1] "session_info" "timing"       "res"          "df"          
0 new features and 1 new methods added to pval table
0 new features and 0 new annotations added to truth table
0 new features and 1 new methods added to padj table
0 new features and 0 new annotations added to truth table
[1] "session_info" "timing"       "res"          "df"          
0 new features and 1 new methods added to pval table
0 new features and 0 new annotations added to truth table
0 new features and 1 new methods added to padj table
0 new features and 0 new annotations added to truth table
[1] "session_info" "timing"       "res"          "df"          
0 new features and 1 new methods added to pval table
0 new features and 0 new annotations added to truth table
0 new features and 1 new methods added to padj table
0 new features and 0 new annotations added to truth table
[1] "session_info" "timing"       "res"          "df"          
0 new features and 1 new methods added to pval table
0 new features and 0 new annotations added to truth table
0 new features and 1 new methods added to padj table
0 new features and 0 new annotations added to truth table
[1] "session_info" "timing"       "res"          "df"          
0 new features and 1 new methods added to pval table
0 new features and 0 new annotations added to truth table
0 new features and 1 new methods added to padj table
0 new features and 0 new annotations added to truth table
[1] "session_info" "timing"       "res"          "df"          
0 new features and 1 new methods added to pval table
0 new features and 0 new annotations added to truth table
0 new features and 1 new methods added to padj table
0 new features and 0 new annotations added to truth table
[1] "session_info" "timing"       "res"          "df"          
0 new features and 1 new methods added to pval table
0 new features and 0 new annotations added to truth table
0 new features and 1 new methods added to padj table
0 new features and 0 new annotations added to truth table
[1] "session_info" "timing"       "res"          "df"          
0 new features and 1 new methods added to pval table
0 new features and 0 new annotations added to truth table
0 new features and 1 new methods added to padj table
0 new features and 0 new annotations added to truth table
[1] "session_info" "timing"       "res"          "df"          
0 new features and 1 new methods added to pval table
0 new features and 0 new annotations added to truth table
0 new features and 1 new methods added to padj table
0 new features and 0 new annotations added to truth table
[1] "session_info" "timing"       "res"          "df"          
0 new features and 1 new methods added to pval table
0 new features and 0 new annotations added to truth table
0 new features and 1 new methods added to padj table
0 new features and 0 new annotations added to truth table
[1] "session_info" "timing"       "tt"           "df"          
0 new features and 1 new methods added to pval table
0 new features and 0 new annotations added to truth table
0 new features and 1 new methods added to padj table
0 new features and 0 new annotations added to truth table
[1] "session_info" "timing"       "tt"           "df"          
0 new features and 1 new methods added to pval table
0 new features and 0 new annotations added to truth table
0 new features and 1 new methods added to padj table
0 new features and 0 new annotations added to truth table
[1] "session_info" "timing"       "tt"           "df"          
0 new features and 1 new methods added to pval table
0 new features and 0 new annotations added to truth table
0 new features and 1 new methods added to padj table
0 new features and 0 new annotations added to truth table
[1] "session_info" "timing"       "tt"           "df"          
0 new features and 1 new methods added to pval table
0 new features and 0 new annotations added to truth table
0 new features and 1 new methods added to padj table
0 new features and 0 new annotations added to truth table
[1] "session_info" "timing"       "tt"           "df"          
0 new features and 1 new methods added to pval table
0 new features and 0 new annotations added to truth table
0 new features and 1 new methods added to padj table
0 new features and 0 new annotations added to truth table
[1] "session_info" "timing"       "tt"           "df"          
0 new features and 1 new methods added to pval table
0 new features and 0 new annotations added to truth table
0 new features and 1 new methods added to padj table
0 new features and 0 new annotations added to truth table
[1] "session_info" "timing"       "tt"           "df"          
0 new features and 1 new methods added to pval table
0 new features and 0 new annotations added to truth table
0 new features and 1 new methods added to padj table
0 new features and 0 new annotations added to truth table
[1] "session_info" "timing"       "tt"           "df"          
0 new features and 1 new methods added to pval table
0 new features and 0 new annotations added to truth table
0 new features and 1 new methods added to padj table
0 new features and 0 new annotations added to truth table
[1] "session_info" "timing"       "tt"           "df"          
0 new features and 1 new methods added to pval table
0 new features and 0 new annotations added to truth table
0 new features and 1 new methods added to padj table
0 new features and 0 new annotations added to truth table
[1] "session_info" "timing"       "tt"           "df"          
0 new features and 1 new methods added to pval table
0 new features and 0 new annotations added to truth table
0 new features and 1 new methods added to padj table
0 new features and 0 new annotations added to truth table
[1] "session_info" "timing"       "tt"           "df"          
0 new features and 1 new methods added to pval table
0 new features and 0 new annotations added to truth table
0 new features and 1 new methods added to padj table
0 new features and 0 new annotations added to truth table
[1] "session_info" "timing"       "tt"           "df"          
0 new features and 1 new methods added to pval table
0 new features and 0 new annotations added to truth table
0 new features and 1 new methods added to padj table
0 new features and 0 new annotations added to truth table
[1] "session_info" "timing"       "tt"           "df"          
0 new features and 1 new methods added to pval table
0 new features and 0 new annotations added to truth table
0 new features and 1 new methods added to padj table
0 new features and 0 new annotations added to truth table
[1] "session_info" "timing"       "tt"           "df"          
0 new features and 1 new methods added to pval table
0 new features and 0 new annotations added to truth table
0 new features and 1 new methods added to padj table
0 new features and 0 new annotations added to truth table
[1] "session_info" "timing"       "tt"           "df"          
0 new features and 1 new methods added to pval table
0 new features and 0 new annotations added to truth table
0 new features and 1 new methods added to padj table
0 new features and 0 new annotations added to truth table
[1] "session_info" "timing"       "tt"           "df"          
0 new features and 1 new methods added to pval table
0 new features and 0 new annotations added to truth table
0 new features and 1 new methods added to padj table
0 new features and 0 new annotations added to truth table
[1] "session_info" "timing"       "tt"           "df"          
0 new features and 1 new methods added to pval table
0 new features and 0 new annotations added to truth table
0 new features and 1 new methods added to padj table
0 new features and 0 new annotations added to truth table
[1] "session_info" "timing"       "tt"           "df"          
0 new features and 1 new methods added to pval table
0 new features and 0 new annotations added to truth table
0 new features and 1 new methods added to padj table
0 new features and 0 new annotations added to truth table
[1] "session_info" "timing"       "tt"           "df"          
0 new features and 1 new methods added to pval table
0 new features and 0 new annotations added to truth table
0 new features and 1 new methods added to padj table
0 new features and 0 new annotations added to truth table
[1] "session_info" "timing"       "tt"           "df"          
0 new features and 1 new methods added to pval table
0 new features and 0 new annotations added to truth table
0 new features and 1 new methods added to padj table
0 new features and 0 new annotations added to truth table
> 
> cobra <- calculate_adjp(cobra)
> 
> # pval(cobra)[is.na(pval(cobra))] <- 1
> # padj(cobra)[is.na(padj(cobra))] <- 1
> 
> ## Add gene characteristics to the COBRA object
> config <- fromJSON(file = config_file)
> mae <- readRDS(config$mae)
> groupid <- config$groupid
> mae <- clean_mae(mae = mae, groupid = groupid)
> 
> subsets <- readRDS(config$subfile)
> keep_samples <- subsets$keep_samples
> imposed_condition <- subsets$out_condition
> 
> sizes <- names(keep_samples)
> truth <- list()
> for (sz in sizes) {
+   for (i in 1:nrow(keep_samples[[as.character(sz)]])) {
+     message(sz, ".", i)
+     L <- subset_mae(mae, keep_samples, sz, i, imposed_condition, filt = filt)
+     avecount <- data.frame(avecount = apply(L$count, 1, mean), gene = rownames(L$count))
+     avetpm <- data.frame(avetpm = apply(L$tpm, 1, mean), gene = rownames(L$tpm))
+     fraczero <- data.frame(fraczero = apply(L$count, 1, function(x) mean(x == 0)),
+                            fraczero1 = apply(L$count[, L$condt == levels(factor(L$condt))[1]], 
+                                              1, function(x) mean(x == 0)),
+                            fraczero2 = apply(L$count[, L$condt == levels(factor(L$condt))[2]], 
+                                              1, function(x) mean(x == 0)), gene = rownames(L$count))
+     fraczero$fraczerodiff <- abs(fraczero$fraczero1 - fraczero$fraczero2)
+     vartpm <- data.frame(vartpm = apply(L$tpm, 1, var), gene = rownames(L$tpm))
+     df2 <- Reduce(function(...) merge(..., by = "gene", all = TRUE), 
+                   list(vartpm, fraczero, avecount, avetpm))
+     colnames(df2)[colnames(df2) != "gene"] <- paste0(colnames(df2)[colnames(df2) != "gene"],
+                                                      ".", sz, ".", i)
+     truth[[paste0(sz, ".", i)]] <- df2
+   }
+ }
48.1
24.1
24.2
24.3
12.1
12.2
12.3
6.1
6.2
6.3
> truth <- Reduce(function(...) merge(..., by = "gene", all = TRUE), truth)
> 
> ## Define "truth" for each method as the genes that are differentially 
> ## expressed with the largest sample size
> tmp <- padj(cobra)[, get_nsamples(colnames(padj(cobra))) == 
+                      max(as.numeric(as.character(get_nsamples(colnames(padj(cobra))))))]
> colnames(tmp) <- paste0(get_method(colnames(tmp)), ".truth")
> tmp <- (tmp <= 0.05)
> mode(tmp) <- "numeric"
> tmp <- tmp[match(truth$gene, rownames(tmp)), ]
> tmp[is.na(tmp)] <- 0
> 
> truth <- merge(truth, tmp, by.x = "gene", by.y = 0, all = TRUE)
> rownames(truth) <- truth$gene
> 
> cobra <- COBRAData(truth = truth, object_to_extend = cobra)
13605 new features and 87 new annotations added to truth table
> 
> pdf(paste0("figures/comparison/", dataset, exts, ".pdf"), width = 14, height = 9)
> plot_results_relativetruth(cobra, colvec = cols)
There were 40 warnings (use warnings() to see them)
> plot_results_relativetruth_all(cobra, colvec = cols)
> plot_results_characterization(cobra, colvec = cols)
48.1
24.1
24.2
24.3
12.1
12.2
12.3
6.1
6.2
6.3
There were 50 or more warnings (use warnings() to see the first 50)
> plot_results(cobra, colvec = cols)
geom_path: Each group consists of only one observation. Do you need to adjust
the group aesthetic?
geom_path: Each group consists of only one observation. Do you need to adjust
the group aesthetic?
geom_path: Each group consists of only one observation. Do you need to adjust
the group aesthetic?
geom_path: Each group consists of only one observation. Do you need to adjust
the group aesthetic?
geom_path: Each group consists of only one observation. Do you need to adjust
the group aesthetic?
geom_path: Each group consists of only one observation. Do you need to adjust
the group aesthetic?
geom_path: Each group consists of only one observation. Do you need to adjust
the group aesthetic?
geom_path: Each group consists of only one observation. Do you need to adjust
the group aesthetic?
geom_path: Each group consists of only one observation. Do you need to adjust
the group aesthetic?
geom_path: Each group consists of only one observation. Do you need to adjust
the group aesthetic?
geom_path: Each group consists of only one observation. Do you need to adjust
the group aesthetic?
geom_path: Each group consists of only one observation. Do you need to adjust
the group aesthetic?
geom_path: Each group consists of only one observation. Do you need to adjust
the group aesthetic?
geom_path: Each group consists of only one observation. Do you need to adjust
the group aesthetic?
geom_path: Each group consists of only one observation. Do you need to adjust
the group aesthetic?
geom_path: Each group consists of only one observation. Do you need to adjust
the group aesthetic?
geom_path: Each group consists of only one observation. Do you need to adjust
the group aesthetic?
geom_path: Each group consists of only one observation. Do you need to adjust
the group aesthetic?
geom_path: Each group consists of only one observation. Do you need to adjust
the group aesthetic?
geom_path: Each group consists of only one observation. Do you need to adjust
the group aesthetic?
There were 50 or more warnings (use warnings() to see the first 50)
> plot_ks(cobra, colvec = cols)
There were 50 or more warnings (use warnings() to see the first 50)
> plot_truefpr(cobra, colvec = cols)
Warning messages:
1: In `levels<-`(`*tmp*`, value = if (nl == nL) as.character(labels) else paste0(labels,  :
  duplicated levels in factors are deprecated
2: In `levels<-`(`*tmp*`, value = if (nl == nL) as.character(labels) else paste0(labels,  :
  duplicated levels in factors are deprecated
3: In `levels<-`(`*tmp*`, value = if (nl == nL) as.character(labels) else paste0(labels,  :
  duplicated levels in factors are deprecated
> plot_timing(timings, colvec = cols)
> dev.off()
null device 
          1 
> 
> sessionInfo()
R version 3.3.1 (2016-06-21)
Platform: x86_64-pc-linux-gnu (64-bit)
Running under: Ubuntu 14.04.5 LTS

locale:
 [1] LC_CTYPE=C                 LC_NUMERIC=C              
 [3] LC_TIME=en_CA.UTF-8        LC_COLLATE=en_CA.UTF-8    
 [5] LC_MONETARY=en_CA.UTF-8    LC_MESSAGES=en_CA.UTF-8   
 [7] LC_PAPER=en_CA.UTF-8       LC_NAME=C                 
 [9] LC_ADDRESS=C               LC_TELEPHONE=C            
[11] LC_MEASUREMENT=en_CA.UTF-8 LC_IDENTIFICATION=C       

attached base packages:
[1] stats4    parallel  stats     graphics  grDevices utils     datasets 
[8] methods   base     

other attached packages:
 [1] UpSetR_1.3.1               MultiAssayExperiment_1.0.0
 [3] SummarizedExperiment_1.4.0 GenomicRanges_1.26.1      
 [5] GenomeInfoDb_1.10.1        IRanges_2.8.1             
 [7] S4Vectors_0.12.0           Biobase_2.34.0            
 [9] BiocGenerics_0.20.0        rjson_0.2.15              
[11] reshape2_1.4.2             iCOBRA_1.2.0              
[13] tidyr_0.6.0                dplyr_0.5.0               
[15] ggrepel_0.6.3              ggplot2_2.2.1             
[17] pheatmap_1.0.8            

loaded via a namespace (and not attached):
 [1] gtools_3.5.0         lattice_0.20-34      colorspace_1.3-1    
 [4] htmltools_0.3.5      DBI_0.5-1            RColorBrewer_1.1-2  
 [7] plyr_1.8.4           stringr_1.1.0        zlibbioc_1.20.0     
[10] munsell_0.4.3        gtable_0.2.0         caTools_1.17.1      
[13] htmlwidgets_0.8      labeling_0.3         httpuv_1.3.3        
[16] Rcpp_0.12.8          KernSmooth_2.23-15   xtable_1.8-2        
[19] ROCR_1.0-7           scales_0.4.1         DT_0.2              
[22] gdata_2.17.0         limma_3.30.2         XVector_0.14.0      
[25] mime_0.5             gplots_3.0.1         gridExtra_2.2.1     
[28] digest_0.6.11        stringi_1.1.2        shiny_0.14.2        
[31] grid_3.3.1           tools_3.3.1          bitops_1.0-6        
[34] magrittr_1.5         lazyeval_0.2.0       tibble_1.2          
[37] Matrix_1.2-7.1       shinyBS_0.61         shinydashboard_0.5.3
[40] assertthat_0.1       R6_2.2.0            
> 
> proc.time()
    user   system  elapsed 
1268.087   38.421 1309.187 
