
R version 3.3.1 (2016-06-21) -- "Bug in Your Hair"
Copyright (C) 2016 The R Foundation for Statistical Computing
Platform: x86_64-pc-linux-gnu (64-bit)

R is free software and comes with ABSOLUTELY NO WARRANTY.
You are welcome to redistribute it under certain conditions.
Type 'license()' or 'licence()' for distribution details.

  Natural language support but running in an English locale

R is a collaborative project with many contributors.
Type 'contributors()' for more information and
'citation()' on how to cite R or R packages in publications.

Type 'demo()' for some demos, 'help()' for on-line help, or
'help.start()' for an HTML browser interface to help.
Type 'q()' to quit R.

During startup - Warning message:
Setting LC_CTYPE failed, using "C" 
> args <- (commandArgs(trailingOnly = TRUE))
> for (i in 1:length(args)) {
+   eval(parse(text = args[[i]]))
+ }
> 
> suppressPackageStartupMessages(library(iCOBRA))
> suppressPackageStartupMessages(library(rjson))
> suppressPackageStartupMessages(library(SummarizedExperiment))
> suppressPackageStartupMessages(library(MultiAssayExperiment))
> suppressPackageStartupMessages(library(dplyr))
> suppressPackageStartupMessages(library(tidyr))
> source("/home/Shared/data/seq/conquer/comparison/scripts/prepare_mae.R")
> source("/home/Shared/data/seq/conquer/comparison/scripts/calculate_gene_characteristics.R")
Warning message:
package 'ggplot2' was built under R version 3.3.2 
> 
> get_method <- function(x) sapply(strsplit(x, "\\."), .subset, 1)
> get_nsamples <- function(x) sapply(strsplit(x, "\\."), .subset, 2)
> get_repl <- function(x) sapply(strsplit(x, "\\."), .subset, 3)
> 
> demethods <- strsplit(demethods, ",")[[1]]
> 
> print(demethods) ## DE methods to include
 [1] "edgeRLRT"         "SAMseq"           "Wilcoxon"         "zingeR"          
 [5] "edgeRQLF"         "NODES"            "NODESnofilt"      "BPSC"            
 [9] "DESeq2"           "DESeq2nofilt"     "edgeRLRTdeconv"   "MASTcpm"         
[13] "MASTcpmDetRate"   "MASTtpm"          "MASTtpmDetRate"   "SCDE"            
[17] "edgeRLRTrobust"   "voomlimma"        "zingeRauto"       "Seurat"          
[21] "Seuratnofilt"     "DESeq2census"     "edgeRLRTcensus"   "zingeRautonofilt"
[25] "monoclecensus"    "monocle"          "D3E"             
> print(resdir)  ## Directory from which to fetch the DE results
[1] "results"
> print(dataset)  ## Data set
[1] "EMTAB2805mock"
> print(config_file)  ## Configuration file
[1] "config/EMTAB2805mock.json"
> print(filt)  ## Filtering
[1] "TPM_1_25p"
> print(outdir)  ## Directory to which to write the output
[1] "output/cobra_data"
> 
> if (filt == "") { 
+   exts <- filt
+ } else {
+   exts <- paste0("_", filt)
+ }
> 
> ## Create iCOBRA object from the result files for the different methods
> (resfiles <- paste0(resdir, "/", dataset, "_", demethods, exts, ".rds"))
 [1] "results/EMTAB2805mock_edgeRLRT_TPM_1_25p.rds"        
 [2] "results/EMTAB2805mock_SAMseq_TPM_1_25p.rds"          
 [3] "results/EMTAB2805mock_Wilcoxon_TPM_1_25p.rds"        
 [4] "results/EMTAB2805mock_zingeR_TPM_1_25p.rds"          
 [5] "results/EMTAB2805mock_edgeRQLF_TPM_1_25p.rds"        
 [6] "results/EMTAB2805mock_NODES_TPM_1_25p.rds"           
 [7] "results/EMTAB2805mock_NODESnofilt_TPM_1_25p.rds"     
 [8] "results/EMTAB2805mock_BPSC_TPM_1_25p.rds"            
 [9] "results/EMTAB2805mock_DESeq2_TPM_1_25p.rds"          
[10] "results/EMTAB2805mock_DESeq2nofilt_TPM_1_25p.rds"    
[11] "results/EMTAB2805mock_edgeRLRTdeconv_TPM_1_25p.rds"  
[12] "results/EMTAB2805mock_MASTcpm_TPM_1_25p.rds"         
[13] "results/EMTAB2805mock_MASTcpmDetRate_TPM_1_25p.rds"  
[14] "results/EMTAB2805mock_MASTtpm_TPM_1_25p.rds"         
[15] "results/EMTAB2805mock_MASTtpmDetRate_TPM_1_25p.rds"  
[16] "results/EMTAB2805mock_SCDE_TPM_1_25p.rds"            
[17] "results/EMTAB2805mock_edgeRLRTrobust_TPM_1_25p.rds"  
[18] "results/EMTAB2805mock_voomlimma_TPM_1_25p.rds"       
[19] "results/EMTAB2805mock_zingeRauto_TPM_1_25p.rds"      
[20] "results/EMTAB2805mock_Seurat_TPM_1_25p.rds"          
[21] "results/EMTAB2805mock_Seuratnofilt_TPM_1_25p.rds"    
[22] "results/EMTAB2805mock_DESeq2census_TPM_1_25p.rds"    
[23] "results/EMTAB2805mock_edgeRLRTcensus_TPM_1_25p.rds"  
[24] "results/EMTAB2805mock_zingeRautonofilt_TPM_1_25p.rds"
[25] "results/EMTAB2805mock_monoclecensus_TPM_1_25p.rds"   
[26] "results/EMTAB2805mock_monocle_TPM_1_25p.rds"         
[27] "results/EMTAB2805mock_D3E_TPM_1_25p.rds"             
> file.exists(resfiles)
 [1] TRUE TRUE TRUE TRUE TRUE TRUE TRUE TRUE TRUE TRUE TRUE TRUE TRUE TRUE TRUE
[16] TRUE TRUE TRUE TRUE TRUE TRUE TRUE TRUE TRUE TRUE TRUE TRUE
> cobra <- NULL
> timings <- list()
> for (rfn in resfiles) {   ## for each DE method
+   rf <- readRDS(rfn)
+   for (nm in names(rf)) {   ## for each data set instance (nm = method.ncells.repl)
+     print(names(rf[[nm]]))
+     
+     ## Get stored timing information and results
+     timings[[nm]] <- rf[[nm]]$timing
+     df <- rf[[nm]]$df
+     
+     ## Add to iCOBRA object
+     if ("pval" %in% colnames(df)) {
+       cobra <- COBRAData(pval = setNames(data.frame(mt = df$pval,
+                                                     row.names = rownames(df)), nm),
+                          object_to_extend = cobra)
+     }
+     if ("padj" %in% colnames(df)) {
+       cobra <- COBRAData(padj = setNames(data.frame(mt = df$padj,
+                                                     row.names = rownames(df)), nm),
+                          object_to_extend = cobra)
+     }
+     if ("score" %in% colnames(df)) {
+       cobra <- COBRAData(score = setNames(data.frame(mt = df$score,
+                                                      row.names = rownames(df)), nm),
+                          object_to_extend = cobra)
+     }
+   }
+ }
[1] "session_info" "timing"       "tt"           "df"          
11896 new features and 1 new methods added to padj table
0 new features and 0 new methods added to score table
0 new features and 0 new annotations added to truth table
[1] "session_info" "timing"       "tt"           "df"          
210 new features and 1 new methods added to pval table
0 new features and 0 new methods added to score table
0 new features and 0 new annotations added to truth table
210 new features and 1 new methods added to padj table
0 new features and 0 new methods added to score table
0 new features and 0 new annotations added to truth table
[1] "session_info" "timing"       "tt"           "df"          
291 new features and 1 new methods added to pval table
0 new features and 0 new methods added to score table
0 new features and 0 new annotations added to truth table
291 new features and 1 new methods added to padj table
0 new features and 0 new methods added to score table
0 new features and 0 new annotations added to truth table
[1] "session_info" "timing"       "tt"           "df"          
171 new features and 1 new methods added to pval table
0 new features and 0 new methods added to score table
0 new features and 0 new annotations added to truth table
171 new features and 1 new methods added to padj table
0 new features and 0 new methods added to score table
0 new features and 0 new annotations added to truth table
[1] "session_info" "timing"       "tt"           "df"          
96 new features and 1 new methods added to pval table
0 new features and 0 new methods added to score table
0 new features and 0 new annotations added to truth table
96 new features and 1 new methods added to padj table
0 new features and 0 new methods added to score table
0 new features and 0 new annotations added to truth table
[1] "session_info" "timing"       "tt"           "df"          
96 new features and 1 new methods added to pval table
0 new features and 0 new methods added to score table
0 new features and 0 new annotations added to truth table
96 new features and 1 new methods added to padj table
0 new features and 0 new methods added to score table
0 new features and 0 new annotations added to truth table
[1] "session_info" "timing"       "tt"           "df"          
226 new features and 1 new methods added to pval table
0 new features and 0 new methods added to score table
0 new features and 0 new annotations added to truth table
226 new features and 1 new methods added to padj table
0 new features and 0 new methods added to score table
0 new features and 0 new annotations added to truth table
[1] "session_info" "timing"       "tt"           "df"          
125 new features and 1 new methods added to pval table
0 new features and 0 new methods added to score table
0 new features and 0 new annotations added to truth table
125 new features and 1 new methods added to padj table
0 new features and 0 new methods added to score table
0 new features and 0 new annotations added to truth table
[1] "session_info" "timing"       "tt"           "df"          
90 new features and 1 new methods added to pval table
0 new features and 0 new methods added to score table
0 new features and 0 new annotations added to truth table
90 new features and 1 new methods added to padj table
0 new features and 0 new methods added to score table
0 new features and 0 new annotations added to truth table
[1] "session_info" "timing"       "tt"           "df"          
125 new features and 1 new methods added to pval table
0 new features and 0 new methods added to score table
0 new features and 0 new annotations added to truth table
125 new features and 1 new methods added to padj table
0 new features and 0 new methods added to score table
0 new features and 0 new annotations added to truth table
[1] "session_info" "timing"       "tt"           "df"          
137 new features and 1 new methods added to pval table
0 new features and 0 new methods added to score table
0 new features and 0 new annotations added to truth table
137 new features and 1 new methods added to padj table
0 new features and 0 new methods added to score table
0 new features and 0 new annotations added to truth table
[1] "session_info" "timing"       "tt"           "df"          
158 new features and 1 new methods added to pval table
0 new features and 0 new methods added to score table
0 new features and 0 new annotations added to truth table
158 new features and 1 new methods added to padj table
0 new features and 0 new methods added to score table
0 new features and 0 new annotations added to truth table
[1] "session_info" "timing"       "tt"           "df"          
130 new features and 1 new methods added to pval table
0 new features and 0 new methods added to score table
0 new features and 0 new annotations added to truth table
130 new features and 1 new methods added to padj table
0 new features and 0 new methods added to score table
0 new features and 0 new annotations added to truth table
[1] "session_info" "timing"       "tt"           "df"          
145 new features and 1 new methods added to pval table
0 new features and 0 new methods added to score table
0 new features and 0 new annotations added to truth table
145 new features and 1 new methods added to padj table
0 new features and 0 new methods added to score table
0 new features and 0 new annotations added to truth table
[1] "session_info" "timing"       "tt"           "df"          
105 new features and 1 new methods added to pval table
0 new features and 0 new methods added to score table
0 new features and 0 new annotations added to truth table
105 new features and 1 new methods added to padj table
0 new features and 0 new methods added to score table
0 new features and 0 new annotations added to truth table
[1] "session_info" "timing"       "tt"           "df"          
146 new features and 1 new methods added to pval table
0 new features and 0 new methods added to score table
0 new features and 0 new annotations added to truth table
146 new features and 1 new methods added to padj table
0 new features and 0 new methods added to score table
0 new features and 0 new annotations added to truth table
[1] "session_info" "timing"       "res"          "df"          
0 new features and 1 new methods added to padj table
0 new features and 0 new methods added to score table
0 new features and 0 new annotations added to truth table
[1] "session_info" "timing"       "res"          "df"          
0 new features and 1 new methods added to padj table
0 new features and 0 new methods added to score table
0 new features and 0 new annotations added to truth table
[1] "session_info" "timing"       "res"          "df"          
0 new features and 1 new methods added to padj table
0 new features and 0 new methods added to score table
0 new features and 0 new annotations added to truth table
[1] "session_info" "timing"       "res"          "df"          
0 new features and 1 new methods added to padj table
0 new features and 0 new methods added to score table
0 new features and 0 new annotations added to truth table
[1] "session_info" "timing"       "res"          "df"          
0 new features and 1 new methods added to padj table
0 new features and 0 new methods added to score table
0 new features and 0 new annotations added to truth table
[1] "session_info" "timing"       "res"          "df"          
0 new features and 1 new methods added to padj table
0 new features and 0 new methods added to score table
0 new features and 0 new annotations added to truth table
[1] "session_info" "timing"       "res"          "df"          
0 new features and 1 new methods added to padj table
0 new features and 0 new methods added to score table
0 new features and 0 new annotations added to truth table
[1] "session_info" "timing"       "res"          "df"          
0 new features and 1 new methods added to padj table
0 new features and 0 new methods added to score table
0 new features and 0 new annotations added to truth table
[1] "session_info" "timing"       "res"          "df"          
0 new features and 1 new methods added to padj table
0 new features and 0 new methods added to score table
0 new features and 0 new annotations added to truth table
[1] "session_info" "timing"       "res"          "df"          
0 new features and 1 new methods added to padj table
0 new features and 0 new methods added to score table
0 new features and 0 new annotations added to truth table
[1] "session_info" "timing"       "res"          "df"          
0 new features and 1 new methods added to padj table
0 new features and 0 new methods added to score table
0 new features and 0 new annotations added to truth table
[1] "session_info" "timing"       "res"          "df"          
0 new features and 1 new methods added to padj table
0 new features and 0 new methods added to score table
0 new features and 0 new annotations added to truth table
[1] "session_info" "timing"       "res"          "df"          
0 new features and 1 new methods added to padj table
0 new features and 0 new methods added to score table
0 new features and 0 new annotations added to truth table
[1] "session_info" "timing"       "res"          "df"          
0 new features and 1 new methods added to padj table
0 new features and 0 new methods added to score table
0 new features and 0 new annotations added to truth table
[1] "session_info" "timing"       "res"          "df"          
0 new features and 1 new methods added to padj table
0 new features and 0 new methods added to score table
0 new features and 0 new annotations added to truth table
[1] "session_info" "timing"       "res"          "df"          
0 new features and 1 new methods added to padj table
0 new features and 0 new methods added to score table
0 new features and 0 new annotations added to truth table
[1] "session_info" "timing"       "df"          
0 new features and 1 new methods added to pval table
0 new features and 0 new methods added to score table
0 new features and 0 new annotations added to truth table
[1] "session_info" "timing"       "df"          
0 new features and 1 new methods added to pval table
0 new features and 0 new methods added to score table
0 new features and 0 new annotations added to truth table
[1] "session_info" "timing"       "df"          
0 new features and 1 new methods added to pval table
0 new features and 0 new methods added to score table
0 new features and 0 new annotations added to truth table
[1] "session_info" "timing"       "df"          
0 new features and 1 new methods added to pval table
0 new features and 0 new methods added to score table
0 new features and 0 new annotations added to truth table
[1] "session_info" "timing"       "df"          
0 new features and 1 new methods added to pval table
0 new features and 0 new methods added to score table
0 new features and 0 new annotations added to truth table
[1] "session_info" "timing"       "df"          
0 new features and 1 new methods added to pval table
0 new features and 0 new methods added to score table
0 new features and 0 new annotations added to truth table
[1] "session_info" "timing"       "df"          
0 new features and 1 new methods added to pval table
0 new features and 0 new methods added to score table
0 new features and 0 new annotations added to truth table
[1] "session_info" "timing"       "df"          
0 new features and 1 new methods added to pval table
0 new features and 0 new methods added to score table
0 new features and 0 new annotations added to truth table
[1] "session_info" "timing"       "df"          
0 new features and 1 new methods added to pval table
0 new features and 0 new methods added to score table
0 new features and 0 new annotations added to truth table
[1] "session_info" "timing"       "df"          
0 new features and 1 new methods added to pval table
0 new features and 0 new methods added to score table
0 new features and 0 new annotations added to truth table
[1] "session_info" "timing"       "df"          
0 new features and 1 new methods added to pval table
0 new features and 0 new methods added to score table
0 new features and 0 new annotations added to truth table
[1] "session_info" "timing"       "df"          
0 new features and 1 new methods added to pval table
0 new features and 0 new methods added to score table
0 new features and 0 new annotations added to truth table
[1] "session_info" "timing"       "df"          
0 new features and 1 new methods added to pval table
0 new features and 0 new methods added to score table
0 new features and 0 new annotations added to truth table
[1] "session_info" "timing"       "df"          
0 new features and 1 new methods added to pval table
0 new features and 0 new methods added to score table
0 new features and 0 new annotations added to truth table
[1] "session_info" "timing"       "df"          
0 new features and 1 new methods added to pval table
0 new features and 0 new methods added to score table
0 new features and 0 new annotations added to truth table
[1] "session_info" "timing"       "df"          
0 new features and 1 new methods added to pval table
0 new features and 0 new methods added to score table
0 new features and 0 new annotations added to truth table
[1] "session_info" "timing"       "tt"           "df"          
0 new features and 1 new methods added to pval table
0 new features and 0 new methods added to score table
0 new features and 0 new annotations added to truth table
0 new features and 1 new methods added to padj table
0 new features and 0 new methods added to score table
0 new features and 0 new annotations added to truth table
[1] "session_info" "timing"       "tt"           "df"          
0 new features and 1 new methods added to pval table
0 new features and 0 new methods added to score table
0 new features and 0 new annotations added to truth table
0 new features and 1 new methods added to padj table
0 new features and 0 new methods added to score table
0 new features and 0 new annotations added to truth table
[1] "session_info" "timing"       "tt"           "df"          
0 new features and 1 new methods added to pval table
0 new features and 0 new methods added to score table
0 new features and 0 new annotations added to truth table
0 new features and 1 new methods added to padj table
0 new features and 0 new methods added to score table
0 new features and 0 new annotations added to truth table
[1] "session_info" "timing"       "tt"           "df"          
0 new features and 1 new methods added to pval table
0 new features and 0 new methods added to score table
0 new features and 0 new annotations added to truth table
0 new features and 1 new methods added to padj table
0 new features and 0 new methods added to score table
0 new features and 0 new annotations added to truth table
[1] "session_info" "timing"       "tt"           "df"          
0 new features and 1 new methods added to pval table
0 new features and 0 new methods added to score table
0 new features and 0 new annotations added to truth table
0 new features and 1 new methods added to padj table
0 new features and 0 new methods added to score table
0 new features and 0 new annotations added to truth table
[1] "session_info" "timing"       "tt"           "df"          
0 new features and 1 new methods added to pval table
0 new features and 0 new methods added to score table
0 new features and 0 new annotations added to truth table
0 new features and 1 new methods added to padj table
0 new features and 0 new methods added to score table
0 new features and 0 new annotations added to truth table
[1] "session_info" "timing"       "tt"           "df"          
0 new features and 1 new methods added to pval table
0 new features and 0 new methods added to score table
0 new features and 0 new annotations added to truth table
0 new features and 1 new methods added to padj table
0 new features and 0 new methods added to score table
0 new features and 0 new annotations added to truth table
[1] "session_info" "timing"       "tt"           "df"          
0 new features and 1 new methods added to pval table
0 new features and 0 new methods added to score table
0 new features and 0 new annotations added to truth table
0 new features and 1 new methods added to padj table
0 new features and 0 new methods added to score table
0 new features and 0 new annotations added to truth table
[1] "session_info" "timing"       "tt"           "df"          
0 new features and 1 new methods added to pval table
0 new features and 0 new methods added to score table
0 new features and 0 new annotations added to truth table
0 new features and 1 new methods added to padj table
0 new features and 0 new methods added to score table
0 new features and 0 new annotations added to truth table
[1] "session_info" "timing"       "tt"           "df"          
0 new features and 1 new methods added to pval table
0 new features and 0 new methods added to score table
0 new features and 0 new annotations added to truth table
0 new features and 1 new methods added to padj table
0 new features and 0 new methods added to score table
0 new features and 0 new annotations added to truth table
[1] "session_info" "timing"       "tt"           "df"          
0 new features and 1 new methods added to pval table
0 new features and 0 new methods added to score table
0 new features and 0 new annotations added to truth table
0 new features and 1 new methods added to padj table
0 new features and 0 new methods added to score table
0 new features and 0 new annotations added to truth table
[1] "session_info" "timing"       "tt"           "df"          
0 new features and 1 new methods added to pval table
0 new features and 0 new methods added to score table
0 new features and 0 new annotations added to truth table
0 new features and 1 new methods added to padj table
0 new features and 0 new methods added to score table
0 new features and 0 new annotations added to truth table
[1] "session_info" "timing"       "tt"           "df"          
0 new features and 1 new methods added to pval table
0 new features and 0 new methods added to score table
0 new features and 0 new annotations added to truth table
0 new features and 1 new methods added to padj table
0 new features and 0 new methods added to score table
0 new features and 0 new annotations added to truth table
[1] "session_info" "timing"       "tt"           "df"          
0 new features and 1 new methods added to pval table
0 new features and 0 new methods added to score table
0 new features and 0 new annotations added to truth table
0 new features and 1 new methods added to padj table
0 new features and 0 new methods added to score table
0 new features and 0 new annotations added to truth table
[1] "session_info" "timing"       "tt"           "df"          
0 new features and 1 new methods added to pval table
0 new features and 0 new methods added to score table
0 new features and 0 new annotations added to truth table
0 new features and 1 new methods added to padj table
0 new features and 0 new methods added to score table
0 new features and 0 new annotations added to truth table
[1] "session_info" "timing"       "tt"           "df"          
0 new features and 1 new methods added to pval table
0 new features and 0 new methods added to score table
0 new features and 0 new annotations added to truth table
0 new features and 1 new methods added to padj table
0 new features and 0 new methods added to score table
0 new features and 0 new annotations added to truth table
[1] "session_info" "timing"       "tt"           "df"          
0 new features and 1 new methods added to pval table
0 new features and 0 new methods added to score table
0 new features and 0 new annotations added to truth table
0 new features and 1 new methods added to padj table
0 new features and 0 new methods added to score table
0 new features and 0 new annotations added to truth table
[1] "session_info" "timing"       "tt"           "df"          
0 new features and 1 new methods added to pval table
0 new features and 0 new methods added to score table
0 new features and 0 new annotations added to truth table
0 new features and 1 new methods added to padj table
0 new features and 0 new methods added to score table
0 new features and 0 new annotations added to truth table
[1] "session_info" "timing"       "tt"           "df"          
0 new features and 1 new methods added to pval table
0 new features and 0 new methods added to score table
0 new features and 0 new annotations added to truth table
0 new features and 1 new methods added to padj table
0 new features and 0 new methods added to score table
0 new features and 0 new annotations added to truth table
[1] "session_info" "timing"       "tt"           "df"          
0 new features and 1 new methods added to pval table
0 new features and 0 new methods added to score table
0 new features and 0 new annotations added to truth table
0 new features and 1 new methods added to padj table
0 new features and 0 new methods added to score table
0 new features and 0 new annotations added to truth table
[1] "session_info" "timing"       "tt"           "df"          
0 new features and 1 new methods added to pval table
0 new features and 0 new methods added to score table
0 new features and 0 new annotations added to truth table
0 new features and 1 new methods added to padj table
0 new features and 0 new methods added to score table
0 new features and 0 new annotations added to truth table
[1] "session_info" "timing"       "tt"           "df"          
0 new features and 1 new methods added to pval table
0 new features and 0 new methods added to score table
0 new features and 0 new annotations added to truth table
0 new features and 1 new methods added to padj table
0 new features and 0 new methods added to score table
0 new features and 0 new annotations added to truth table
[1] "session_info" "timing"       "tt"           "df"          
0 new features and 1 new methods added to pval table
0 new features and 0 new methods added to score table
0 new features and 0 new annotations added to truth table
0 new features and 1 new methods added to padj table
0 new features and 0 new methods added to score table
0 new features and 0 new annotations added to truth table
[1] "session_info" "timing"       "tt"           "df"          
0 new features and 1 new methods added to pval table
0 new features and 0 new methods added to score table
0 new features and 0 new annotations added to truth table
0 new features and 1 new methods added to padj table
0 new features and 0 new methods added to score table
0 new features and 0 new annotations added to truth table
[1] "session_info" "timing"       "tt"           "df"          
0 new features and 1 new methods added to pval table
0 new features and 0 new methods added to score table
0 new features and 0 new annotations added to truth table
0 new features and 1 new methods added to padj table
0 new features and 0 new methods added to score table
0 new features and 0 new annotations added to truth table
[1] "session_info" "timing"       "tt"           "df"          
0 new features and 1 new methods added to pval table
0 new features and 0 new methods added to score table
0 new features and 0 new annotations added to truth table
0 new features and 1 new methods added to padj table
0 new features and 0 new methods added to score table
0 new features and 0 new annotations added to truth table
[1] "session_info" "timing"       "tt"           "df"          
0 new features and 1 new methods added to pval table
0 new features and 0 new methods added to score table
0 new features and 0 new annotations added to truth table
0 new features and 1 new methods added to padj table
0 new features and 0 new methods added to score table
0 new features and 0 new annotations added to truth table
[1] "session_info" "timing"       "tt"           "df"          
0 new features and 1 new methods added to pval table
0 new features and 0 new methods added to score table
0 new features and 0 new annotations added to truth table
0 new features and 1 new methods added to padj table
0 new features and 0 new methods added to score table
0 new features and 0 new annotations added to truth table
[1] "session_info" "timing"       "tt"           "df"          
0 new features and 1 new methods added to pval table
0 new features and 0 new methods added to score table
0 new features and 0 new annotations added to truth table
0 new features and 1 new methods added to padj table
0 new features and 0 new methods added to score table
0 new features and 0 new annotations added to truth table
[1] "session_info" "timing"       "tt"           "df"          
0 new features and 1 new methods added to pval table
0 new features and 0 new methods added to score table
0 new features and 0 new annotations added to truth table
0 new features and 1 new methods added to padj table
0 new features and 0 new methods added to score table
0 new features and 0 new annotations added to truth table
[1] "session_info" "timing"       "tt"           "df"          
0 new features and 1 new methods added to pval table
0 new features and 0 new methods added to score table
0 new features and 0 new annotations added to truth table
0 new features and 1 new methods added to padj table
0 new features and 0 new methods added to score table
0 new features and 0 new annotations added to truth table
[1] "session_info" "timing"       "tt"           "df"          
0 new features and 1 new methods added to pval table
0 new features and 0 new methods added to score table
0 new features and 0 new annotations added to truth table
0 new features and 1 new methods added to padj table
0 new features and 0 new methods added to score table
0 new features and 0 new annotations added to truth table
[1] "session_info" "timing"       "res"          "df"          
0 new features and 1 new methods added to padj table
0 new features and 0 new methods added to score table
0 new features and 0 new annotations added to truth table
[1] "session_info" "timing"       "res"          "df"          
0 new features and 1 new methods added to padj table
0 new features and 0 new methods added to score table
0 new features and 0 new annotations added to truth table
[1] "session_info" "timing"       "res"          "df"          
0 new features and 1 new methods added to padj table
0 new features and 0 new methods added to score table
0 new features and 0 new annotations added to truth table
[1] "session_info" "timing"       "res"          "df"          
0 new features and 1 new methods added to padj table
0 new features and 0 new methods added to score table
0 new features and 0 new annotations added to truth table
[1] "session_info" "timing"       "res"          "df"          
0 new features and 1 new methods added to padj table
0 new features and 0 new methods added to score table
0 new features and 0 new annotations added to truth table
[1] "session_info" "timing"       "res"          "df"          
0 new features and 1 new methods added to padj table
0 new features and 0 new methods added to score table
0 new features and 0 new annotations added to truth table
[1] "session_info" "timing"       "res"          "df"          
0 new features and 1 new methods added to padj table
0 new features and 0 new methods added to score table
0 new features and 0 new annotations added to truth table
[1] "session_info" "timing"       "res"          "df"          
0 new features and 1 new methods added to padj table
0 new features and 0 new methods added to score table
0 new features and 0 new annotations added to truth table
[1] "session_info" "timing"       "res"          "df"          
0 new features and 1 new methods added to padj table
0 new features and 0 new methods added to score table
0 new features and 0 new annotations added to truth table
[1] "session_info" "timing"       "res"          "df"          
0 new features and 1 new methods added to padj table
0 new features and 0 new methods added to score table
0 new features and 0 new annotations added to truth table
[1] "session_info" "timing"       "res"          "df"          
0 new features and 1 new methods added to padj table
0 new features and 0 new methods added to score table
0 new features and 0 new annotations added to truth table
[1] "session_info" "timing"       "res"          "df"          
0 new features and 1 new methods added to padj table
0 new features and 0 new methods added to score table
0 new features and 0 new annotations added to truth table
[1] "session_info" "timing"       "res"          "df"          
0 new features and 1 new methods added to padj table
0 new features and 0 new methods added to score table
0 new features and 0 new annotations added to truth table
[1] "session_info" "timing"       "res"          "df"          
0 new features and 1 new methods added to padj table
0 new features and 0 new methods added to score table
0 new features and 0 new annotations added to truth table
[1] "session_info" "timing"       "res"          "df"          
0 new features and 1 new methods added to padj table
0 new features and 0 new methods added to score table
0 new features and 0 new annotations added to truth table
[1] "session_info" "timing"       "res"          "df"          
0 new features and 1 new methods added to padj table
0 new features and 0 new methods added to score table
0 new features and 0 new annotations added to truth table
[1] "session_info"
[1] "session_info"
[1] "session_info"
[1] "session_info"
[1] "session_info"
[1] "session_info"
[1] "session_info"
[1] "session_info"
[1] "session_info"
[1] "session_info"
[1] "session_info"
[1] "session_info"
[1] "session_info"
[1] "session_info"
[1] "session_info"
[1] "session_info"
[1] "session_info" "timing"       "res"          "df"          
0 new features and 1 new methods added to pval table
0 new features and 0 new methods added to score table
0 new features and 0 new annotations added to truth table
[1] "session_info" "timing"       "res"          "df"          
0 new features and 1 new methods added to pval table
0 new features and 0 new methods added to score table
0 new features and 0 new annotations added to truth table
[1] "session_info" "timing"       "res"          "df"          
0 new features and 1 new methods added to pval table
0 new features and 0 new methods added to score table
0 new features and 0 new annotations added to truth table
[1] "session_info" "timing"       "res"          "df"          
0 new features and 1 new methods added to pval table
0 new features and 0 new methods added to score table
0 new features and 0 new annotations added to truth table
[1] "session_info" "timing"       "res"          "df"          
0 new features and 1 new methods added to pval table
0 new features and 0 new methods added to score table
0 new features and 0 new annotations added to truth table
[1] "session_info" "timing"       "res"          "df"          
0 new features and 1 new methods added to pval table
0 new features and 0 new methods added to score table
0 new features and 0 new annotations added to truth table
[1] "session_info" "timing"       "res"          "df"          
0 new features and 1 new methods added to pval table
0 new features and 0 new methods added to score table
0 new features and 0 new annotations added to truth table
[1] "session_info" "timing"       "res"          "df"          
0 new features and 1 new methods added to pval table
0 new features and 0 new methods added to score table
0 new features and 0 new annotations added to truth table
[1] "session_info" "timing"       "res"          "df"          
0 new features and 1 new methods added to pval table
0 new features and 0 new methods added to score table
0 new features and 0 new annotations added to truth table
[1] "session_info" "timing"       "res"          "df"          
0 new features and 1 new methods added to pval table
0 new features and 0 new methods added to score table
0 new features and 0 new annotations added to truth table
[1] "session_info" "timing"       "res"          "df"          
0 new features and 1 new methods added to pval table
0 new features and 0 new methods added to score table
0 new features and 0 new annotations added to truth table
[1] "session_info" "timing"       "res"          "df"          
0 new features and 1 new methods added to pval table
0 new features and 0 new methods added to score table
0 new features and 0 new annotations added to truth table
[1] "session_info" "timing"       "res"          "df"          
0 new features and 1 new methods added to pval table
0 new features and 0 new methods added to score table
0 new features and 0 new annotations added to truth table
[1] "session_info" "timing"       "res"          "df"          
0 new features and 1 new methods added to pval table
0 new features and 0 new methods added to score table
0 new features and 0 new annotations added to truth table
[1] "session_info" "timing"       "res"          "df"          
0 new features and 1 new methods added to pval table
0 new features and 0 new methods added to score table
0 new features and 0 new annotations added to truth table
[1] "session_info" "timing"       "res"          "df"          
0 new features and 1 new methods added to pval table
0 new features and 0 new methods added to score table
0 new features and 0 new annotations added to truth table
[1] "session_info" "timing"       "res"          "df"          
0 new features and 1 new methods added to pval table
0 new features and 0 new methods added to score table
0 new features and 0 new annotations added to truth table
0 new features and 1 new methods added to padj table
0 new features and 0 new methods added to score table
0 new features and 0 new annotations added to truth table
[1] "session_info" "timing"       "res"          "df"          
0 new features and 1 new methods added to pval table
0 new features and 0 new methods added to score table
0 new features and 0 new annotations added to truth table
0 new features and 1 new methods added to padj table
0 new features and 0 new methods added to score table
0 new features and 0 new annotations added to truth table
[1] "session_info" "timing"       "res"          "df"          
0 new features and 1 new methods added to pval table
0 new features and 0 new methods added to score table
0 new features and 0 new annotations added to truth table
0 new features and 1 new methods added to padj table
0 new features and 0 new methods added to score table
0 new features and 0 new annotations added to truth table
[1] "session_info" "timing"       "res"          "df"          
0 new features and 1 new methods added to pval table
0 new features and 0 new methods added to score table
0 new features and 0 new annotations added to truth table
0 new features and 1 new methods added to padj table
0 new features and 0 new methods added to score table
0 new features and 0 new annotations added to truth table
[1] "session_info" "timing"       "res"          "df"          
0 new features and 1 new methods added to pval table
0 new features and 0 new methods added to score table
0 new features and 0 new annotations added to truth table
0 new features and 1 new methods added to padj table
0 new features and 0 new methods added to score table
0 new features and 0 new annotations added to truth table
[1] "session_info" "timing"       "res"          "df"          
0 new features and 1 new methods added to pval table
0 new features and 0 new methods added to score table
0 new features and 0 new annotations added to truth table
0 new features and 1 new methods added to padj table
0 new features and 0 new methods added to score table
0 new features and 0 new annotations added to truth table
[1] "session_info" "timing"       "res"          "df"          
0 new features and 1 new methods added to pval table
0 new features and 0 new methods added to score table
0 new features and 0 new annotations added to truth table
0 new features and 1 new methods added to padj table
0 new features and 0 new methods added to score table
0 new features and 0 new annotations added to truth table
[1] "session_info" "timing"       "res"          "df"          
0 new features and 1 new methods added to pval table
0 new features and 0 new methods added to score table
0 new features and 0 new annotations added to truth table
0 new features and 1 new methods added to padj table
0 new features and 0 new methods added to score table
0 new features and 0 new annotations added to truth table
[1] "session_info" "timing"       "res"          "df"          
0 new features and 1 new methods added to pval table
0 new features and 0 new methods added to score table
0 new features and 0 new annotations added to truth table
0 new features and 1 new methods added to padj table
0 new features and 0 new methods added to score table
0 new features and 0 new annotations added to truth table
[1] "session_info" "timing"       "res"          "df"          
0 new features and 1 new methods added to pval table
0 new features and 0 new methods added to score table
0 new features and 0 new annotations added to truth table
0 new features and 1 new methods added to padj table
0 new features and 0 new methods added to score table
0 new features and 0 new annotations added to truth table
[1] "session_info" "timing"       "res"          "df"          
0 new features and 1 new methods added to pval table
0 new features and 0 new methods added to score table
0 new features and 0 new annotations added to truth table
0 new features and 1 new methods added to padj table
0 new features and 0 new methods added to score table
0 new features and 0 new annotations added to truth table
[1] "session_info" "timing"       "res"          "df"          
0 new features and 1 new methods added to pval table
0 new features and 0 new methods added to score table
0 new features and 0 new annotations added to truth table
0 new features and 1 new methods added to padj table
0 new features and 0 new methods added to score table
0 new features and 0 new annotations added to truth table
[1] "session_info" "timing"       "res"          "df"          
0 new features and 1 new methods added to pval table
0 new features and 0 new methods added to score table
0 new features and 0 new annotations added to truth table
0 new features and 1 new methods added to padj table
0 new features and 0 new methods added to score table
0 new features and 0 new annotations added to truth table
[1] "session_info" "timing"       "res"          "df"          
0 new features and 1 new methods added to pval table
0 new features and 0 new methods added to score table
0 new features and 0 new annotations added to truth table
0 new features and 1 new methods added to padj table
0 new features and 0 new methods added to score table
0 new features and 0 new annotations added to truth table
[1] "session_info" "timing"       "res"          "df"          
0 new features and 1 new methods added to pval table
0 new features and 0 new methods added to score table
0 new features and 0 new annotations added to truth table
0 new features and 1 new methods added to padj table
0 new features and 0 new methods added to score table
0 new features and 0 new annotations added to truth table
[1] "session_info" "timing"       "res"          "df"          
0 new features and 1 new methods added to pval table
0 new features and 0 new methods added to score table
0 new features and 0 new annotations added to truth table
0 new features and 1 new methods added to padj table
0 new features and 0 new methods added to score table
0 new features and 0 new annotations added to truth table
[1] "session_info" "timing"       "res"          "df"          
0 new features and 1 new methods added to pval table
0 new features and 0 new methods added to score table
0 new features and 0 new annotations added to truth table
0 new features and 1 new methods added to padj table
0 new features and 0 new methods added to score table
0 new features and 0 new annotations added to truth table
[1] "session_info" "timing"       "res"          "df"          
0 new features and 1 new methods added to pval table
0 new features and 0 new methods added to score table
0 new features and 0 new annotations added to truth table
0 new features and 1 new methods added to padj table
0 new features and 0 new methods added to score table
0 new features and 0 new annotations added to truth table
[1] "session_info" "timing"       "res"          "df"          
0 new features and 1 new methods added to pval table
0 new features and 0 new methods added to score table
0 new features and 0 new annotations added to truth table
0 new features and 1 new methods added to padj table
0 new features and 0 new methods added to score table
0 new features and 0 new annotations added to truth table
[1] "session_info" "timing"       "res"          "df"          
0 new features and 1 new methods added to pval table
0 new features and 0 new methods added to score table
0 new features and 0 new annotations added to truth table
0 new features and 1 new methods added to padj table
0 new features and 0 new methods added to score table
0 new features and 0 new annotations added to truth table
[1] "session_info" "timing"       "res"          "df"          
0 new features and 1 new methods added to pval table
0 new features and 0 new methods added to score table
0 new features and 0 new annotations added to truth table
0 new features and 1 new methods added to padj table
0 new features and 0 new methods added to score table
0 new features and 0 new annotations added to truth table
[1] "session_info" "timing"       "res"          "df"          
0 new features and 1 new methods added to pval table
0 new features and 0 new methods added to score table
0 new features and 0 new annotations added to truth table
0 new features and 1 new methods added to padj table
0 new features and 0 new methods added to score table
0 new features and 0 new annotations added to truth table
[1] "session_info" "timing"       "res"          "df"          
0 new features and 1 new methods added to pval table
0 new features and 0 new methods added to score table
0 new features and 0 new annotations added to truth table
0 new features and 1 new methods added to padj table
0 new features and 0 new methods added to score table
0 new features and 0 new annotations added to truth table
[1] "session_info" "timing"       "res"          "df"          
0 new features and 1 new methods added to pval table
0 new features and 0 new methods added to score table
0 new features and 0 new annotations added to truth table
0 new features and 1 new methods added to padj table
0 new features and 0 new methods added to score table
0 new features and 0 new annotations added to truth table
[1] "session_info" "timing"       "res"          "df"          
0 new features and 1 new methods added to pval table
0 new features and 0 new methods added to score table
0 new features and 0 new annotations added to truth table
0 new features and 1 new methods added to padj table
0 new features and 0 new methods added to score table
0 new features and 0 new annotations added to truth table
[1] "session_info" "timing"       "res"          "df"          
0 new features and 1 new methods added to pval table
0 new features and 0 new methods added to score table
0 new features and 0 new annotations added to truth table
0 new features and 1 new methods added to padj table
0 new features and 0 new methods added to score table
0 new features and 0 new annotations added to truth table
[1] "session_info" "timing"       "res"          "df"          
0 new features and 1 new methods added to pval table
0 new features and 0 new methods added to score table
0 new features and 0 new annotations added to truth table
0 new features and 1 new methods added to padj table
0 new features and 0 new methods added to score table
0 new features and 0 new annotations added to truth table
[1] "session_info" "timing"       "res"          "df"          
0 new features and 1 new methods added to pval table
0 new features and 0 new methods added to score table
0 new features and 0 new annotations added to truth table
0 new features and 1 new methods added to padj table
0 new features and 0 new methods added to score table
0 new features and 0 new annotations added to truth table
[1] "session_info" "timing"       "res"          "df"          
0 new features and 1 new methods added to pval table
0 new features and 0 new methods added to score table
0 new features and 0 new annotations added to truth table
0 new features and 1 new methods added to padj table
0 new features and 0 new methods added to score table
0 new features and 0 new annotations added to truth table
[1] "session_info" "timing"       "res"          "df"          
0 new features and 1 new methods added to pval table
0 new features and 0 new methods added to score table
0 new features and 0 new annotations added to truth table
0 new features and 1 new methods added to padj table
0 new features and 0 new methods added to score table
0 new features and 0 new annotations added to truth table
[1] "session_info" "timing"       "res"          "df"          
0 new features and 1 new methods added to pval table
0 new features and 0 new methods added to score table
0 new features and 0 new annotations added to truth table
0 new features and 1 new methods added to padj table
0 new features and 0 new methods added to score table
0 new features and 0 new annotations added to truth table
[1] "session_info" "timing"       "res"          "df"          
0 new features and 1 new methods added to pval table
0 new features and 0 new methods added to score table
0 new features and 0 new annotations added to truth table
0 new features and 1 new methods added to padj table
0 new features and 0 new methods added to score table
0 new features and 0 new annotations added to truth table
[1] "session_info" "timing"       "tt"           "df"          
0 new features and 1 new methods added to pval table
0 new features and 0 new methods added to score table
0 new features and 0 new annotations added to truth table
0 new features and 1 new methods added to padj table
0 new features and 0 new methods added to score table
0 new features and 0 new annotations added to truth table
[1] "session_info" "timing"       "tt"           "df"          
0 new features and 1 new methods added to pval table
0 new features and 0 new methods added to score table
0 new features and 0 new annotations added to truth table
0 new features and 1 new methods added to padj table
0 new features and 0 new methods added to score table
0 new features and 0 new annotations added to truth table
[1] "session_info" "timing"       "tt"           "df"          
0 new features and 1 new methods added to pval table
0 new features and 0 new methods added to score table
0 new features and 0 new annotations added to truth table
0 new features and 1 new methods added to padj table
0 new features and 0 new methods added to score table
0 new features and 0 new annotations added to truth table
[1] "session_info" "timing"       "tt"           "df"          
0 new features and 1 new methods added to pval table
0 new features and 0 new methods added to score table
0 new features and 0 new annotations added to truth table
0 new features and 1 new methods added to padj table
0 new features and 0 new methods added to score table
0 new features and 0 new annotations added to truth table
[1] "session_info" "timing"       "tt"           "df"          
0 new features and 1 new methods added to pval table
0 new features and 0 new methods added to score table
0 new features and 0 new annotations added to truth table
0 new features and 1 new methods added to padj table
0 new features and 0 new methods added to score table
0 new features and 0 new annotations added to truth table
[1] "session_info" "timing"       "tt"           "df"          
0 new features and 1 new methods added to pval table
0 new features and 0 new methods added to score table
0 new features and 0 new annotations added to truth table
0 new features and 1 new methods added to padj table
0 new features and 0 new methods added to score table
0 new features and 0 new annotations added to truth table
[1] "session_info" "timing"       "tt"           "df"          
0 new features and 1 new methods added to pval table
0 new features and 0 new methods added to score table
0 new features and 0 new annotations added to truth table
0 new features and 1 new methods added to padj table
0 new features and 0 new methods added to score table
0 new features and 0 new annotations added to truth table
[1] "session_info" "timing"       "tt"           "df"          
0 new features and 1 new methods added to pval table
0 new features and 0 new methods added to score table
0 new features and 0 new annotations added to truth table
0 new features and 1 new methods added to padj table
0 new features and 0 new methods added to score table
0 new features and 0 new annotations added to truth table
[1] "session_info" "timing"       "tt"           "df"          
0 new features and 1 new methods added to pval table
0 new features and 0 new methods added to score table
0 new features and 0 new annotations added to truth table
0 new features and 1 new methods added to padj table
0 new features and 0 new methods added to score table
0 new features and 0 new annotations added to truth table
[1] "session_info" "timing"       "tt"           "df"          
0 new features and 1 new methods added to pval table
0 new features and 0 new methods added to score table
0 new features and 0 new annotations added to truth table
0 new features and 1 new methods added to padj table
0 new features and 0 new methods added to score table
0 new features and 0 new annotations added to truth table
[1] "session_info" "timing"       "tt"           "df"          
0 new features and 1 new methods added to pval table
0 new features and 0 new methods added to score table
0 new features and 0 new annotations added to truth table
0 new features and 1 new methods added to padj table
0 new features and 0 new methods added to score table
0 new features and 0 new annotations added to truth table
[1] "session_info" "timing"       "tt"           "df"          
0 new features and 1 new methods added to pval table
0 new features and 0 new methods added to score table
0 new features and 0 new annotations added to truth table
0 new features and 1 new methods added to padj table
0 new features and 0 new methods added to score table
0 new features and 0 new annotations added to truth table
[1] "session_info" "timing"       "tt"           "df"          
0 new features and 1 new methods added to pval table
0 new features and 0 new methods added to score table
0 new features and 0 new annotations added to truth table
0 new features and 1 new methods added to padj table
0 new features and 0 new methods added to score table
0 new features and 0 new annotations added to truth table
[1] "session_info" "timing"       "tt"           "df"          
0 new features and 1 new methods added to pval table
0 new features and 0 new methods added to score table
0 new features and 0 new annotations added to truth table
0 new features and 1 new methods added to padj table
0 new features and 0 new methods added to score table
0 new features and 0 new annotations added to truth table
[1] "session_info" "timing"       "tt"           "df"          
0 new features and 1 new methods added to pval table
0 new features and 0 new methods added to score table
0 new features and 0 new annotations added to truth table
0 new features and 1 new methods added to padj table
0 new features and 0 new methods added to score table
0 new features and 0 new annotations added to truth table
[1] "session_info" "timing"       "tt"           "df"          
0 new features and 1 new methods added to pval table
0 new features and 0 new methods added to score table
0 new features and 0 new annotations added to truth table
0 new features and 1 new methods added to padj table
0 new features and 0 new methods added to score table
0 new features and 0 new annotations added to truth table
[1] "session_info" "timing"       "res"          "df"          
0 new features and 1 new methods added to pval table
0 new features and 0 new methods added to score table
0 new features and 0 new annotations added to truth table
[1] "session_info" "timing"       "res"          "df"          
0 new features and 1 new methods added to pval table
0 new features and 0 new methods added to score table
0 new features and 0 new annotations added to truth table
[1] "session_info" "timing"       "res"          "df"          
0 new features and 1 new methods added to pval table
0 new features and 0 new methods added to score table
0 new features and 0 new annotations added to truth table
[1] "session_info" "timing"       "res"          "df"          
0 new features and 1 new methods added to pval table
0 new features and 0 new methods added to score table
0 new features and 0 new annotations added to truth table
[1] "session_info" "timing"       "res"          "df"          
0 new features and 1 new methods added to pval table
0 new features and 0 new methods added to score table
0 new features and 0 new annotations added to truth table
[1] "session_info" "timing"       "res"          "df"          
0 new features and 1 new methods added to pval table
0 new features and 0 new methods added to score table
0 new features and 0 new annotations added to truth table
[1] "session_info" "timing"       "res"          "df"          
0 new features and 1 new methods added to pval table
0 new features and 0 new methods added to score table
0 new features and 0 new annotations added to truth table
[1] "session_info" "timing"       "res"          "df"          
0 new features and 1 new methods added to pval table
0 new features and 0 new methods added to score table
0 new features and 0 new annotations added to truth table
[1] "session_info" "timing"       "res"          "df"          
0 new features and 1 new methods added to pval table
0 new features and 0 new methods added to score table
0 new features and 0 new annotations added to truth table
[1] "session_info" "timing"       "res"          "df"          
0 new features and 1 new methods added to pval table
0 new features and 0 new methods added to score table
0 new features and 0 new annotations added to truth table
[1] "session_info" "timing"       "res"          "df"          
0 new features and 1 new methods added to pval table
0 new features and 0 new methods added to score table
0 new features and 0 new annotations added to truth table
[1] "session_info" "timing"       "res"          "df"          
0 new features and 1 new methods added to pval table
0 new features and 0 new methods added to score table
0 new features and 0 new annotations added to truth table
[1] "session_info" "timing"       "res"          "df"          
0 new features and 1 new methods added to pval table
0 new features and 0 new methods added to score table
0 new features and 0 new annotations added to truth table
[1] "session_info" "timing"       "res"          "df"          
0 new features and 1 new methods added to pval table
0 new features and 0 new methods added to score table
0 new features and 0 new annotations added to truth table
[1] "session_info" "timing"       "res"          "df"          
0 new features and 1 new methods added to pval table
0 new features and 0 new methods added to score table
0 new features and 0 new annotations added to truth table
[1] "session_info" "timing"       "res"          "df"          
0 new features and 1 new methods added to pval table
0 new features and 0 new methods added to score table
0 new features and 0 new annotations added to truth table
[1] "session_info" "timing"       "res"          "df"          
0 new features and 1 new methods added to pval table
0 new features and 0 new methods added to score table
0 new features and 0 new annotations added to truth table
[1] "session_info" "timing"       "res"          "df"          
0 new features and 1 new methods added to pval table
0 new features and 0 new methods added to score table
0 new features and 0 new annotations added to truth table
[1] "session_info" "timing"       "res"          "df"          
0 new features and 1 new methods added to pval table
0 new features and 0 new methods added to score table
0 new features and 0 new annotations added to truth table
[1] "session_info" "timing"       "res"          "df"          
0 new features and 1 new methods added to pval table
0 new features and 0 new methods added to score table
0 new features and 0 new annotations added to truth table
[1] "session_info" "timing"       "res"          "df"          
0 new features and 1 new methods added to pval table
0 new features and 0 new methods added to score table
0 new features and 0 new annotations added to truth table
[1] "session_info" "timing"       "res"          "df"          
0 new features and 1 new methods added to pval table
0 new features and 0 new methods added to score table
0 new features and 0 new annotations added to truth table
[1] "session_info" "timing"       "res"          "df"          
0 new features and 1 new methods added to pval table
0 new features and 0 new methods added to score table
0 new features and 0 new annotations added to truth table
[1] "session_info" "timing"       "res"          "df"          
0 new features and 1 new methods added to pval table
0 new features and 0 new methods added to score table
0 new features and 0 new annotations added to truth table
[1] "session_info" "timing"       "res"          "df"          
0 new features and 1 new methods added to pval table
0 new features and 0 new methods added to score table
0 new features and 0 new annotations added to truth table
[1] "session_info" "timing"       "res"          "df"          
0 new features and 1 new methods added to pval table
0 new features and 0 new methods added to score table
0 new features and 0 new annotations added to truth table
[1] "session_info" "timing"       "res"          "df"          
0 new features and 1 new methods added to pval table
0 new features and 0 new methods added to score table
0 new features and 0 new annotations added to truth table
[1] "session_info" "timing"       "res"          "df"          
0 new features and 1 new methods added to pval table
0 new features and 0 new methods added to score table
0 new features and 0 new annotations added to truth table
[1] "session_info" "timing"       "res"          "df"          
0 new features and 1 new methods added to pval table
0 new features and 0 new methods added to score table
0 new features and 0 new annotations added to truth table
[1] "session_info" "timing"       "res"          "df"          
0 new features and 1 new methods added to pval table
0 new features and 0 new methods added to score table
0 new features and 0 new annotations added to truth table
[1] "session_info" "timing"       "res"          "df"          
0 new features and 1 new methods added to pval table
0 new features and 0 new methods added to score table
0 new features and 0 new annotations added to truth table
[1] "session_info" "timing"       "res"          "df"          
0 new features and 1 new methods added to pval table
0 new features and 0 new methods added to score table
0 new features and 0 new annotations added to truth table
[1] "session_info" "timing"       "res"          "df"          
0 new features and 1 new methods added to pval table
0 new features and 0 new methods added to score table
0 new features and 0 new annotations added to truth table
[1] "session_info" "timing"       "res"          "df"          
0 new features and 1 new methods added to pval table
0 new features and 0 new methods added to score table
0 new features and 0 new annotations added to truth table
[1] "session_info" "timing"       "res"          "df"          
0 new features and 1 new methods added to pval table
0 new features and 0 new methods added to score table
0 new features and 0 new annotations added to truth table
[1] "session_info" "timing"       "res"          "df"          
0 new features and 1 new methods added to pval table
0 new features and 0 new methods added to score table
0 new features and 0 new annotations added to truth table
[1] "session_info" "timing"       "res"          "df"          
0 new features and 1 new methods added to pval table
0 new features and 0 new methods added to score table
0 new features and 0 new annotations added to truth table
[1] "session_info" "timing"       "res"          "df"          
0 new features and 1 new methods added to pval table
0 new features and 0 new methods added to score table
0 new features and 0 new annotations added to truth table
[1] "session_info" "timing"       "res"          "df"          
0 new features and 1 new methods added to pval table
0 new features and 0 new methods added to score table
0 new features and 0 new annotations added to truth table
[1] "session_info" "timing"       "res"          "df"          
0 new features and 1 new methods added to pval table
0 new features and 0 new methods added to score table
0 new features and 0 new annotations added to truth table
[1] "session_info" "timing"       "res"          "df"          
0 new features and 1 new methods added to pval table
0 new features and 0 new methods added to score table
0 new features and 0 new annotations added to truth table
[1] "session_info" "timing"       "res"          "df"          
0 new features and 1 new methods added to pval table
0 new features and 0 new methods added to score table
0 new features and 0 new annotations added to truth table
[1] "session_info" "timing"       "res"          "df"          
0 new features and 1 new methods added to pval table
0 new features and 0 new methods added to score table
0 new features and 0 new annotations added to truth table
[1] "session_info" "timing"       "res"          "df"          
0 new features and 1 new methods added to pval table
0 new features and 0 new methods added to score table
0 new features and 0 new annotations added to truth table
[1] "session_info" "timing"       "res"          "df"          
0 new features and 1 new methods added to pval table
0 new features and 0 new methods added to score table
0 new features and 0 new annotations added to truth table
[1] "session_info" "timing"       "res"          "df"          
0 new features and 1 new methods added to pval table
0 new features and 0 new methods added to score table
0 new features and 0 new annotations added to truth table
[1] "session_info" "timing"       "res"          "df"          
0 new features and 1 new methods added to pval table
0 new features and 0 new methods added to score table
0 new features and 0 new annotations added to truth table
[1] "session_info" "timing"       "res"          "df"          
0 new features and 1 new methods added to pval table
0 new features and 0 new methods added to score table
0 new features and 0 new annotations added to truth table
[1] "session_info" "timing"       "res"          "df"          
0 new features and 1 new methods added to pval table
0 new features and 0 new methods added to score table
0 new features and 0 new annotations added to truth table
[1] "session_info" "timing"       "res"          "df"          
0 new features and 1 new methods added to pval table
0 new features and 0 new methods added to score table
0 new features and 0 new annotations added to truth table
[1] "session_info" "timing"       "res"          "df"          
0 new features and 1 new methods added to pval table
0 new features and 0 new methods added to score table
0 new features and 0 new annotations added to truth table
[1] "session_info" "timing"       "res"          "df"          
0 new features and 1 new methods added to pval table
0 new features and 0 new methods added to score table
0 new features and 0 new annotations added to truth table
[1] "session_info" "timing"       "res"          "df"          
0 new features and 1 new methods added to pval table
0 new features and 0 new methods added to score table
0 new features and 0 new annotations added to truth table
[1] "session_info" "timing"       "res"          "df"          
0 new features and 1 new methods added to pval table
0 new features and 0 new methods added to score table
0 new features and 0 new annotations added to truth table
[1] "session_info" "timing"       "res"          "df"          
0 new features and 1 new methods added to pval table
0 new features and 0 new methods added to score table
0 new features and 0 new annotations added to truth table
[1] "session_info" "timing"       "res"          "df"          
0 new features and 1 new methods added to pval table
0 new features and 0 new methods added to score table
0 new features and 0 new annotations added to truth table
[1] "session_info" "timing"       "res"          "df"          
0 new features and 1 new methods added to pval table
0 new features and 0 new methods added to score table
0 new features and 0 new annotations added to truth table
[1] "session_info" "timing"       "res"          "df"          
0 new features and 1 new methods added to pval table
0 new features and 0 new methods added to score table
0 new features and 0 new annotations added to truth table
[1] "session_info" "timing"       "res"          "df"          
0 new features and 1 new methods added to pval table
0 new features and 0 new methods added to score table
0 new features and 0 new annotations added to truth table
[1] "session_info" "timing"       "res"          "df"          
0 new features and 1 new methods added to pval table
0 new features and 0 new methods added to score table
0 new features and 0 new annotations added to truth table
[1] "session_info" "timing"       "res"          "df"          
0 new features and 1 new methods added to pval table
0 new features and 0 new methods added to score table
0 new features and 0 new annotations added to truth table
[1] "session_info" "timing"       "res"          "df"          
0 new features and 1 new methods added to pval table
0 new features and 0 new methods added to score table
0 new features and 0 new annotations added to truth table
[1] "session_info" "timing"       "res"          "df"          
0 new features and 1 new methods added to pval table
0 new features and 0 new methods added to score table
0 new features and 0 new annotations added to truth table
[1] "session_info" "timing"       "res"          "df"          
0 new features and 1 new methods added to pval table
0 new features and 0 new methods added to score table
0 new features and 0 new annotations added to truth table
[1] "session_info" "timing"       "res"          "df"          
0 new features and 1 new methods added to padj table
0 new features and 0 new methods added to score table
0 new features and 0 new annotations added to truth table
11896 new features and 1 new methods added to score table
0 new features and 0 new annotations added to truth table
[1] "session_info" "timing"       "res"          "df"          
0 new features and 1 new methods added to padj table
0 new features and 0 new annotations added to truth table
210 new features and 1 new methods added to score table
0 new features and 0 new annotations added to truth table
[1] "session_info" "timing"       "res"          "df"          
0 new features and 1 new methods added to padj table
0 new features and 0 new annotations added to truth table
291 new features and 1 new methods added to score table
0 new features and 0 new annotations added to truth table
[1] "session_info" "timing"       "res"          "df"          
0 new features and 1 new methods added to padj table
0 new features and 0 new annotations added to truth table
171 new features and 1 new methods added to score table
0 new features and 0 new annotations added to truth table
[1] "session_info" "timing"       "res"          "df"          
0 new features and 1 new methods added to padj table
0 new features and 0 new annotations added to truth table
96 new features and 1 new methods added to score table
0 new features and 0 new annotations added to truth table
[1] "session_info" "timing"       "res"          "df"          
0 new features and 1 new methods added to padj table
0 new features and 0 new annotations added to truth table
96 new features and 1 new methods added to score table
0 new features and 0 new annotations added to truth table
[1] "session_info" "timing"       "res"          "df"          
0 new features and 1 new methods added to padj table
0 new features and 0 new annotations added to truth table
226 new features and 1 new methods added to score table
0 new features and 0 new annotations added to truth table
[1] "session_info" "timing"       "res"          "df"          
0 new features and 1 new methods added to padj table
0 new features and 0 new annotations added to truth table
125 new features and 1 new methods added to score table
0 new features and 0 new annotations added to truth table
[1] "session_info" "timing"       "res"          "df"          
0 new features and 1 new methods added to padj table
0 new features and 0 new annotations added to truth table
90 new features and 1 new methods added to score table
0 new features and 0 new annotations added to truth table
[1] "session_info" "timing"       "res"          "df"          
0 new features and 1 new methods added to padj table
0 new features and 0 new annotations added to truth table
125 new features and 1 new methods added to score table
0 new features and 0 new annotations added to truth table
[1] "session_info" "timing"       "res"          "df"          
0 new features and 1 new methods added to padj table
0 new features and 0 new annotations added to truth table
137 new features and 1 new methods added to score table
0 new features and 0 new annotations added to truth table
[1] "session_info" "timing"       "res"          "df"          
0 new features and 1 new methods added to padj table
0 new features and 0 new annotations added to truth table
158 new features and 1 new methods added to score table
0 new features and 0 new annotations added to truth table
[1] "session_info" "timing"       "res"          "df"          
0 new features and 1 new methods added to padj table
0 new features and 0 new annotations added to truth table
130 new features and 1 new methods added to score table
0 new features and 0 new annotations added to truth table
[1] "session_info" "timing"       "res"          "df"          
0 new features and 1 new methods added to padj table
0 new features and 0 new annotations added to truth table
145 new features and 1 new methods added to score table
0 new features and 0 new annotations added to truth table
[1] "session_info" "timing"       "res"          "df"          
0 new features and 1 new methods added to padj table
0 new features and 0 new annotations added to truth table
105 new features and 1 new methods added to score table
0 new features and 0 new annotations added to truth table
[1] "session_info" "timing"       "res"          "df"          
0 new features and 1 new methods added to padj table
0 new features and 0 new annotations added to truth table
146 new features and 1 new methods added to score table
0 new features and 0 new annotations added to truth table
[1] "session_info" "timing"       "tt"           "df"          
0 new features and 1 new methods added to pval table
0 new features and 0 new annotations added to truth table
0 new features and 1 new methods added to padj table
0 new features and 0 new annotations added to truth table
[1] "session_info" "timing"       "tt"           "df"          
0 new features and 1 new methods added to pval table
0 new features and 0 new annotations added to truth table
0 new features and 1 new methods added to padj table
0 new features and 0 new annotations added to truth table
[1] "session_info" "timing"       "tt"           "df"          
0 new features and 1 new methods added to pval table
0 new features and 0 new annotations added to truth table
0 new features and 1 new methods added to padj table
0 new features and 0 new annotations added to truth table
[1] "session_info" "timing"       "tt"           "df"          
0 new features and 1 new methods added to pval table
0 new features and 0 new annotations added to truth table
0 new features and 1 new methods added to padj table
0 new features and 0 new annotations added to truth table
[1] "session_info" "timing"       "tt"           "df"          
0 new features and 1 new methods added to pval table
0 new features and 0 new annotations added to truth table
0 new features and 1 new methods added to padj table
0 new features and 0 new annotations added to truth table
[1] "session_info" "timing"       "tt"           "df"          
0 new features and 1 new methods added to pval table
0 new features and 0 new annotations added to truth table
0 new features and 1 new methods added to padj table
0 new features and 0 new annotations added to truth table
[1] "session_info" "timing"       "tt"           "df"          
0 new features and 1 new methods added to pval table
0 new features and 0 new annotations added to truth table
0 new features and 1 new methods added to padj table
0 new features and 0 new annotations added to truth table
[1] "session_info" "timing"       "tt"           "df"          
0 new features and 1 new methods added to pval table
0 new features and 0 new annotations added to truth table
0 new features and 1 new methods added to padj table
0 new features and 0 new annotations added to truth table
[1] "session_info" "timing"       "tt"           "df"          
0 new features and 1 new methods added to pval table
0 new features and 0 new annotations added to truth table
0 new features and 1 new methods added to padj table
0 new features and 0 new annotations added to truth table
[1] "session_info" "timing"       "tt"           "df"          
0 new features and 1 new methods added to pval table
0 new features and 0 new annotations added to truth table
0 new features and 1 new methods added to padj table
0 new features and 0 new annotations added to truth table
[1] "session_info" "timing"       "tt"           "df"          
0 new features and 1 new methods added to pval table
0 new features and 0 new annotations added to truth table
0 new features and 1 new methods added to padj table
0 new features and 0 new annotations added to truth table
[1] "session_info" "timing"       "tt"           "df"          
0 new features and 1 new methods added to pval table
0 new features and 0 new annotations added to truth table
0 new features and 1 new methods added to padj table
0 new features and 0 new annotations added to truth table
[1] "session_info" "timing"       "tt"           "df"          
0 new features and 1 new methods added to pval table
0 new features and 0 new annotations added to truth table
0 new features and 1 new methods added to padj table
0 new features and 0 new annotations added to truth table
[1] "session_info" "timing"       "tt"           "df"          
0 new features and 1 new methods added to pval table
0 new features and 0 new annotations added to truth table
0 new features and 1 new methods added to padj table
0 new features and 0 new annotations added to truth table
[1] "session_info" "timing"       "tt"           "df"          
0 new features and 1 new methods added to pval table
0 new features and 0 new annotations added to truth table
0 new features and 1 new methods added to padj table
0 new features and 0 new annotations added to truth table
[1] "session_info" "timing"       "tt"           "df"          
0 new features and 1 new methods added to pval table
0 new features and 0 new annotations added to truth table
0 new features and 1 new methods added to padj table
0 new features and 0 new annotations added to truth table
[1] "session_info" "timing"       "tt"           "df"          
0 new features and 1 new methods added to pval table
0 new features and 0 new annotations added to truth table
0 new features and 1 new methods added to padj table
0 new features and 0 new annotations added to truth table
[1] "session_info" "timing"       "tt"           "df"          
0 new features and 1 new methods added to pval table
0 new features and 0 new annotations added to truth table
0 new features and 1 new methods added to padj table
0 new features and 0 new annotations added to truth table
[1] "session_info" "timing"       "tt"           "df"          
0 new features and 1 new methods added to pval table
0 new features and 0 new annotations added to truth table
0 new features and 1 new methods added to padj table
0 new features and 0 new annotations added to truth table
[1] "session_info" "timing"       "tt"           "df"          
0 new features and 1 new methods added to pval table
0 new features and 0 new annotations added to truth table
0 new features and 1 new methods added to padj table
0 new features and 0 new annotations added to truth table
[1] "session_info" "timing"       "tt"           "df"          
0 new features and 1 new methods added to pval table
0 new features and 0 new annotations added to truth table
0 new features and 1 new methods added to padj table
0 new features and 0 new annotations added to truth table
[1] "session_info" "timing"       "tt"           "df"          
0 new features and 1 new methods added to pval table
0 new features and 0 new annotations added to truth table
0 new features and 1 new methods added to padj table
0 new features and 0 new annotations added to truth table
[1] "session_info" "timing"       "tt"           "df"          
0 new features and 1 new methods added to pval table
0 new features and 0 new annotations added to truth table
0 new features and 1 new methods added to padj table
0 new features and 0 new annotations added to truth table
[1] "session_info" "timing"       "tt"           "df"          
0 new features and 1 new methods added to pval table
0 new features and 0 new annotations added to truth table
0 new features and 1 new methods added to padj table
0 new features and 0 new annotations added to truth table
[1] "session_info" "timing"       "tt"           "df"          
0 new features and 1 new methods added to pval table
0 new features and 0 new annotations added to truth table
0 new features and 1 new methods added to padj table
0 new features and 0 new annotations added to truth table
[1] "session_info" "timing"       "tt"           "df"          
0 new features and 1 new methods added to pval table
0 new features and 0 new annotations added to truth table
0 new features and 1 new methods added to padj table
0 new features and 0 new annotations added to truth table
[1] "session_info" "timing"       "tt"           "df"          
0 new features and 1 new methods added to pval table
0 new features and 0 new annotations added to truth table
0 new features and 1 new methods added to padj table
0 new features and 0 new annotations added to truth table
[1] "session_info" "timing"       "tt"           "df"          
0 new features and 1 new methods added to pval table
0 new features and 0 new annotations added to truth table
0 new features and 1 new methods added to padj table
0 new features and 0 new annotations added to truth table
[1] "session_info" "timing"       "tt"           "df"          
0 new features and 1 new methods added to pval table
0 new features and 0 new annotations added to truth table
0 new features and 1 new methods added to padj table
0 new features and 0 new annotations added to truth table
[1] "session_info" "timing"       "tt"           "df"          
0 new features and 1 new methods added to pval table
0 new features and 0 new annotations added to truth table
0 new features and 1 new methods added to padj table
0 new features and 0 new annotations added to truth table
[1] "session_info" "timing"       "tt"           "df"          
0 new features and 1 new methods added to pval table
0 new features and 0 new annotations added to truth table
0 new features and 1 new methods added to padj table
0 new features and 0 new annotations added to truth table
[1] "session_info" "timing"       "tt"           "df"          
0 new features and 1 new methods added to pval table
0 new features and 0 new annotations added to truth table
0 new features and 1 new methods added to padj table
0 new features and 0 new annotations added to truth table
[1] "session_info" "timing"       "tt"           "df"          
0 new features and 1 new methods added to pval table
0 new features and 0 new annotations added to truth table
0 new features and 1 new methods added to padj table
0 new features and 0 new annotations added to truth table
[1] "session_info" "timing"       "tt"           "df"          
0 new features and 1 new methods added to pval table
0 new features and 0 new annotations added to truth table
0 new features and 1 new methods added to padj table
0 new features and 0 new annotations added to truth table
[1] "session_info" "timing"       "tt"           "df"          
0 new features and 1 new methods added to pval table
0 new features and 0 new annotations added to truth table
0 new features and 1 new methods added to padj table
0 new features and 0 new annotations added to truth table
[1] "session_info" "timing"       "tt"           "df"          
0 new features and 1 new methods added to pval table
0 new features and 0 new annotations added to truth table
0 new features and 1 new methods added to padj table
0 new features and 0 new annotations added to truth table
[1] "session_info" "timing"       "tt"           "df"          
0 new features and 1 new methods added to pval table
0 new features and 0 new annotations added to truth table
0 new features and 1 new methods added to padj table
0 new features and 0 new annotations added to truth table
[1] "session_info" "timing"       "tt"           "df"          
0 new features and 1 new methods added to pval table
0 new features and 0 new annotations added to truth table
0 new features and 1 new methods added to padj table
0 new features and 0 new annotations added to truth table
[1] "session_info" "timing"       "tt"           "df"          
0 new features and 1 new methods added to pval table
0 new features and 0 new annotations added to truth table
0 new features and 1 new methods added to padj table
0 new features and 0 new annotations added to truth table
[1] "session_info" "timing"       "tt"           "df"          
0 new features and 1 new methods added to pval table
0 new features and 0 new annotations added to truth table
0 new features and 1 new methods added to padj table
0 new features and 0 new annotations added to truth table
[1] "session_info" "timing"       "tt"           "df"          
0 new features and 1 new methods added to pval table
0 new features and 0 new annotations added to truth table
0 new features and 1 new methods added to padj table
0 new features and 0 new annotations added to truth table
[1] "session_info" "timing"       "tt"           "df"          
0 new features and 1 new methods added to pval table
0 new features and 0 new annotations added to truth table
0 new features and 1 new methods added to padj table
0 new features and 0 new annotations added to truth table
[1] "session_info" "timing"       "tt"           "df"          
0 new features and 1 new methods added to pval table
0 new features and 0 new annotations added to truth table
0 new features and 1 new methods added to padj table
0 new features and 0 new annotations added to truth table
[1] "session_info" "timing"       "tt"           "df"          
0 new features and 1 new methods added to pval table
0 new features and 0 new annotations added to truth table
0 new features and 1 new methods added to padj table
0 new features and 0 new annotations added to truth table
[1] "session_info" "timing"       "tt"           "df"          
0 new features and 1 new methods added to pval table
0 new features and 0 new annotations added to truth table
0 new features and 1 new methods added to padj table
0 new features and 0 new annotations added to truth table
[1] "session_info" "timing"       "tt"           "df"          
0 new features and 1 new methods added to pval table
0 new features and 0 new annotations added to truth table
0 new features and 1 new methods added to padj table
0 new features and 0 new annotations added to truth table
[1] "session_info" "timing"       "tt"           "df"          
0 new features and 1 new methods added to pval table
0 new features and 0 new annotations added to truth table
0 new features and 1 new methods added to padj table
0 new features and 0 new annotations added to truth table
[1] "session_info" "timing"       "tt"           "df"          
0 new features and 1 new methods added to pval table
0 new features and 0 new annotations added to truth table
0 new features and 1 new methods added to padj table
0 new features and 0 new annotations added to truth table
[1] "session_info" "timing"       "res"          "df"          
0 new features and 1 new methods added to pval table
0 new features and 0 new annotations added to truth table
0 new features and 1 new methods added to padj table
0 new features and 0 new annotations added to truth table
[1] "session_info" "timing"       "res"          "df"          
0 new features and 1 new methods added to pval table
0 new features and 0 new annotations added to truth table
0 new features and 1 new methods added to padj table
0 new features and 0 new annotations added to truth table
[1] "session_info" "timing"       "res"          "df"          
0 new features and 1 new methods added to pval table
0 new features and 0 new annotations added to truth table
0 new features and 1 new methods added to padj table
0 new features and 0 new annotations added to truth table
[1] "session_info" "timing"       "res"          "df"          
0 new features and 1 new methods added to pval table
0 new features and 0 new annotations added to truth table
0 new features and 1 new methods added to padj table
0 new features and 0 new annotations added to truth table
[1] "session_info" "timing"       "res"          "df"          
0 new features and 1 new methods added to pval table
0 new features and 0 new annotations added to truth table
0 new features and 1 new methods added to padj table
0 new features and 0 new annotations added to truth table
[1] "session_info" "timing"       "res"          "df"          
0 new features and 1 new methods added to pval table
0 new features and 0 new annotations added to truth table
0 new features and 1 new methods added to padj table
0 new features and 0 new annotations added to truth table
[1] "session_info" "timing"       "res"          "df"          
0 new features and 1 new methods added to pval table
0 new features and 0 new annotations added to truth table
0 new features and 1 new methods added to padj table
0 new features and 0 new annotations added to truth table
[1] "session_info" "timing"       "res"          "df"          
0 new features and 1 new methods added to pval table
0 new features and 0 new annotations added to truth table
0 new features and 1 new methods added to padj table
0 new features and 0 new annotations added to truth table
[1] "session_info" "timing"       "res"          "df"          
0 new features and 1 new methods added to pval table
0 new features and 0 new annotations added to truth table
0 new features and 1 new methods added to padj table
0 new features and 0 new annotations added to truth table
[1] "session_info" "timing"       "res"          "df"          
0 new features and 1 new methods added to pval table
0 new features and 0 new annotations added to truth table
0 new features and 1 new methods added to padj table
0 new features and 0 new annotations added to truth table
[1] "session_info" "timing"       "res"          "df"          
0 new features and 1 new methods added to pval table
0 new features and 0 new annotations added to truth table
0 new features and 1 new methods added to padj table
0 new features and 0 new annotations added to truth table
[1] "session_info" "timing"       "res"          "df"          
0 new features and 1 new methods added to pval table
0 new features and 0 new annotations added to truth table
0 new features and 1 new methods added to padj table
0 new features and 0 new annotations added to truth table
[1] "session_info" "timing"       "res"          "df"          
0 new features and 1 new methods added to pval table
0 new features and 0 new annotations added to truth table
0 new features and 1 new methods added to padj table
0 new features and 0 new annotations added to truth table
[1] "session_info" "timing"       "res"          "df"          
0 new features and 1 new methods added to pval table
0 new features and 0 new annotations added to truth table
0 new features and 1 new methods added to padj table
0 new features and 0 new annotations added to truth table
[1] "session_info" "timing"       "res"          "df"          
0 new features and 1 new methods added to pval table
0 new features and 0 new annotations added to truth table
0 new features and 1 new methods added to padj table
0 new features and 0 new annotations added to truth table
[1] "session_info" "timing"       "res"          "df"          
0 new features and 1 new methods added to pval table
0 new features and 0 new annotations added to truth table
0 new features and 1 new methods added to padj table
0 new features and 0 new annotations added to truth table
[1] "session_info" "timing"       "res"          "df"          
0 new features and 1 new methods added to pval table
0 new features and 0 new annotations added to truth table
0 new features and 1 new methods added to padj table
0 new features and 0 new annotations added to truth table
[1] "session_info" "timing"       "res"          "df"          
0 new features and 1 new methods added to pval table
0 new features and 0 new annotations added to truth table
0 new features and 1 new methods added to padj table
0 new features and 0 new annotations added to truth table
[1] "session_info" "timing"       "res"          "df"          
0 new features and 1 new methods added to pval table
0 new features and 0 new annotations added to truth table
0 new features and 1 new methods added to padj table
0 new features and 0 new annotations added to truth table
[1] "session_info" "timing"       "res"          "df"          
0 new features and 1 new methods added to pval table
0 new features and 0 new annotations added to truth table
0 new features and 1 new methods added to padj table
0 new features and 0 new annotations added to truth table
[1] "session_info" "timing"       "res"          "df"          
0 new features and 1 new methods added to pval table
0 new features and 0 new annotations added to truth table
0 new features and 1 new methods added to padj table
0 new features and 0 new annotations added to truth table
[1] "session_info" "timing"       "res"          "df"          
0 new features and 1 new methods added to pval table
0 new features and 0 new annotations added to truth table
0 new features and 1 new methods added to padj table
0 new features and 0 new annotations added to truth table
[1] "session_info" "timing"       "res"          "df"          
0 new features and 1 new methods added to pval table
0 new features and 0 new annotations added to truth table
0 new features and 1 new methods added to padj table
0 new features and 0 new annotations added to truth table
[1] "session_info" "timing"       "res"          "df"          
0 new features and 1 new methods added to pval table
0 new features and 0 new annotations added to truth table
0 new features and 1 new methods added to padj table
0 new features and 0 new annotations added to truth table
[1] "session_info" "timing"       "res"          "df"          
0 new features and 1 new methods added to pval table
0 new features and 0 new annotations added to truth table
0 new features and 1 new methods added to padj table
0 new features and 0 new annotations added to truth table
[1] "session_info" "timing"       "res"          "df"          
0 new features and 1 new methods added to pval table
0 new features and 0 new annotations added to truth table
0 new features and 1 new methods added to padj table
0 new features and 0 new annotations added to truth table
[1] "session_info" "timing"       "res"          "df"          
0 new features and 1 new methods added to pval table
0 new features and 0 new annotations added to truth table
0 new features and 1 new methods added to padj table
0 new features and 0 new annotations added to truth table
[1] "session_info" "timing"       "res"          "df"          
0 new features and 1 new methods added to pval table
0 new features and 0 new annotations added to truth table
0 new features and 1 new methods added to padj table
0 new features and 0 new annotations added to truth table
[1] "session_info" "timing"       "res"          "df"          
0 new features and 1 new methods added to pval table
0 new features and 0 new annotations added to truth table
0 new features and 1 new methods added to padj table
0 new features and 0 new annotations added to truth table
[1] "session_info" "timing"       "res"          "df"          
0 new features and 1 new methods added to pval table
0 new features and 0 new annotations added to truth table
0 new features and 1 new methods added to padj table
0 new features and 0 new annotations added to truth table
[1] "session_info" "timing"       "res"          "df"          
0 new features and 1 new methods added to pval table
0 new features and 0 new annotations added to truth table
0 new features and 1 new methods added to padj table
0 new features and 0 new annotations added to truth table
[1] "session_info" "timing"       "res"          "df"          
0 new features and 1 new methods added to pval table
0 new features and 0 new annotations added to truth table
0 new features and 1 new methods added to padj table
0 new features and 0 new annotations added to truth table
[1] "session_info" "timing"       "res"          "df"          
0 new features and 1 new methods added to pval table
0 new features and 0 new annotations added to truth table
0 new features and 1 new methods added to padj table
0 new features and 0 new annotations added to truth table
[1] "session_info" "timing"       "res"          "df"          
0 new features and 1 new methods added to pval table
0 new features and 0 new annotations added to truth table
0 new features and 1 new methods added to padj table
0 new features and 0 new annotations added to truth table
[1] "session_info" "timing"       "res"          "df"          
0 new features and 1 new methods added to pval table
0 new features and 0 new annotations added to truth table
0 new features and 1 new methods added to padj table
0 new features and 0 new annotations added to truth table
[1] "session_info" "timing"       "res"          "df"          
0 new features and 1 new methods added to pval table
0 new features and 0 new annotations added to truth table
0 new features and 1 new methods added to padj table
0 new features and 0 new annotations added to truth table
[1] "session_info" "timing"       "res"          "df"          
0 new features and 1 new methods added to pval table
0 new features and 0 new annotations added to truth table
0 new features and 1 new methods added to padj table
0 new features and 0 new annotations added to truth table
[1] "session_info" "timing"       "res"          "df"          
0 new features and 1 new methods added to pval table
0 new features and 0 new annotations added to truth table
0 new features and 1 new methods added to padj table
0 new features and 0 new annotations added to truth table
[1] "session_info" "timing"       "res"          "df"          
0 new features and 1 new methods added to pval table
0 new features and 0 new annotations added to truth table
0 new features and 1 new methods added to padj table
0 new features and 0 new annotations added to truth table
[1] "session_info" "timing"       "res"          "df"          
0 new features and 1 new methods added to pval table
0 new features and 0 new annotations added to truth table
0 new features and 1 new methods added to padj table
0 new features and 0 new annotations added to truth table
[1] "session_info" "timing"       "res"          "df"          
0 new features and 1 new methods added to pval table
0 new features and 0 new annotations added to truth table
0 new features and 1 new methods added to padj table
0 new features and 0 new annotations added to truth table
[1] "session_info" "timing"       "res"          "df"          
0 new features and 1 new methods added to pval table
0 new features and 0 new annotations added to truth table
0 new features and 1 new methods added to padj table
0 new features and 0 new annotations added to truth table
[1] "session_info" "timing"       "res"          "df"          
0 new features and 1 new methods added to pval table
0 new features and 0 new annotations added to truth table
0 new features and 1 new methods added to padj table
0 new features and 0 new annotations added to truth table
[1] "session_info" "timing"       "res"          "df"          
0 new features and 1 new methods added to pval table
0 new features and 0 new annotations added to truth table
0 new features and 1 new methods added to padj table
0 new features and 0 new annotations added to truth table
[1] "session_info" "timing"       "res"          "df"          
0 new features and 1 new methods added to pval table
0 new features and 0 new annotations added to truth table
0 new features and 1 new methods added to padj table
0 new features and 0 new annotations added to truth table
[1] "session_info" "timing"       "res"          "df"          
0 new features and 1 new methods added to pval table
0 new features and 0 new annotations added to truth table
0 new features and 1 new methods added to padj table
0 new features and 0 new annotations added to truth table
[1] "session_info" "timing"       "res"          "df"          
0 new features and 1 new methods added to pval table
0 new features and 0 new annotations added to truth table
0 new features and 1 new methods added to padj table
0 new features and 0 new annotations added to truth table
[1] "session_info" "timing"       "res"          "df"          
0 new features and 1 new methods added to pval table
0 new features and 0 new annotations added to truth table
0 new features and 1 new methods added to padj table
0 new features and 0 new annotations added to truth table
[1] "session_info" "timing"       "tt"           "df"          
0 new features and 1 new methods added to pval table
0 new features and 0 new annotations added to truth table
0 new features and 1 new methods added to padj table
0 new features and 0 new annotations added to truth table
[1] "session_info" "timing"       "tt"           "df"          
0 new features and 1 new methods added to pval table
0 new features and 0 new annotations added to truth table
0 new features and 1 new methods added to padj table
0 new features and 0 new annotations added to truth table
[1] "session_info" "timing"       "tt"           "df"          
0 new features and 1 new methods added to pval table
0 new features and 0 new annotations added to truth table
0 new features and 1 new methods added to padj table
0 new features and 0 new annotations added to truth table
[1] "session_info" "timing"       "tt"           "df"          
0 new features and 1 new methods added to pval table
0 new features and 0 new annotations added to truth table
0 new features and 1 new methods added to padj table
0 new features and 0 new annotations added to truth table
[1] "session_info" "timing"       "tt"           "df"          
0 new features and 1 new methods added to pval table
0 new features and 0 new annotations added to truth table
0 new features and 1 new methods added to padj table
0 new features and 0 new annotations added to truth table
[1] "session_info" "timing"       "tt"           "df"          
0 new features and 1 new methods added to pval table
0 new features and 0 new annotations added to truth table
0 new features and 1 new methods added to padj table
0 new features and 0 new annotations added to truth table
[1] "session_info" "timing"       "tt"           "df"          
0 new features and 1 new methods added to pval table
0 new features and 0 new annotations added to truth table
0 new features and 1 new methods added to padj table
0 new features and 0 new annotations added to truth table
[1] "session_info" "timing"       "tt"           "df"          
0 new features and 1 new methods added to pval table
0 new features and 0 new annotations added to truth table
0 new features and 1 new methods added to padj table
0 new features and 0 new annotations added to truth table
[1] "session_info" "timing"       "tt"           "df"          
0 new features and 1 new methods added to pval table
0 new features and 0 new annotations added to truth table
0 new features and 1 new methods added to padj table
0 new features and 0 new annotations added to truth table
[1] "session_info" "timing"       "tt"           "df"          
0 new features and 1 new methods added to pval table
0 new features and 0 new annotations added to truth table
0 new features and 1 new methods added to padj table
0 new features and 0 new annotations added to truth table
[1] "session_info" "timing"       "tt"           "df"          
0 new features and 1 new methods added to pval table
0 new features and 0 new annotations added to truth table
0 new features and 1 new methods added to padj table
0 new features and 0 new annotations added to truth table
[1] "session_info" "timing"       "tt"           "df"          
0 new features and 1 new methods added to pval table
0 new features and 0 new annotations added to truth table
0 new features and 1 new methods added to padj table
0 new features and 0 new annotations added to truth table
[1] "session_info" "timing"       "tt"           "df"          
0 new features and 1 new methods added to pval table
0 new features and 0 new annotations added to truth table
0 new features and 1 new methods added to padj table
0 new features and 0 new annotations added to truth table
[1] "session_info" "timing"       "tt"           "df"          
0 new features and 1 new methods added to pval table
0 new features and 0 new annotations added to truth table
0 new features and 1 new methods added to padj table
0 new features and 0 new annotations added to truth table
[1] "session_info" "timing"       "tt"           "df"          
0 new features and 1 new methods added to pval table
0 new features and 0 new annotations added to truth table
0 new features and 1 new methods added to padj table
0 new features and 0 new annotations added to truth table
[1] "session_info" "timing"       "tt"           "df"          
0 new features and 1 new methods added to pval table
0 new features and 0 new annotations added to truth table
0 new features and 1 new methods added to padj table
0 new features and 0 new annotations added to truth table
[1] "session_info" "timing"       "tt"           "df"          
0 new features and 1 new methods added to pval table
0 new features and 0 new annotations added to truth table
[1] "session_info" "timing"       "tt"           "df"          
0 new features and 1 new methods added to pval table
0 new features and 0 new annotations added to truth table
[1] "session_info" "timing"       "tt"           "df"          
0 new features and 1 new methods added to pval table
0 new features and 0 new annotations added to truth table
[1] "session_info" "timing"       "tt"           "df"          
0 new features and 1 new methods added to pval table
0 new features and 0 new annotations added to truth table
[1] "session_info" "timing"       "tt"           "df"          
0 new features and 1 new methods added to pval table
0 new features and 0 new annotations added to truth table
[1] "session_info" "timing"       "tt"           "df"          
0 new features and 1 new methods added to pval table
0 new features and 0 new annotations added to truth table
[1] "session_info" "timing"       "tt"           "df"          
0 new features and 1 new methods added to pval table
0 new features and 0 new annotations added to truth table
[1] "session_info" "timing"       "tt"           "df"          
0 new features and 1 new methods added to pval table
0 new features and 0 new annotations added to truth table
[1] "session_info" "timing"       "tt"           "df"          
0 new features and 1 new methods added to pval table
0 new features and 0 new annotations added to truth table
[1] "session_info" "timing"       "tt"           "df"          
0 new features and 1 new methods added to pval table
0 new features and 0 new annotations added to truth table
[1] "session_info" "timing"       "tt"           "df"          
0 new features and 1 new methods added to pval table
0 new features and 0 new annotations added to truth table
[1] "session_info" "timing"       "tt"           "df"          
0 new features and 1 new methods added to pval table
0 new features and 0 new annotations added to truth table
[1] "session_info" "timing"       "tt"           "df"          
0 new features and 1 new methods added to pval table
0 new features and 0 new annotations added to truth table
[1] "session_info" "timing"       "tt"           "df"          
0 new features and 1 new methods added to pval table
0 new features and 0 new annotations added to truth table
[1] "session_info" "timing"       "tt"           "df"          
0 new features and 1 new methods added to pval table
0 new features and 0 new annotations added to truth table
[1] "session_info" "timing"       "tt"           "df"          
0 new features and 1 new methods added to pval table
0 new features and 0 new annotations added to truth table
[1] "session_info" "timing"       "res"          "df"          
0 new features and 1 new methods added to pval table
0 new features and 0 new annotations added to truth table
0 new features and 1 new methods added to padj table
0 new features and 0 new annotations added to truth table
[1] "session_info" "timing"       "res"          "df"          
0 new features and 1 new methods added to pval table
0 new features and 0 new annotations added to truth table
0 new features and 1 new methods added to padj table
0 new features and 0 new annotations added to truth table
[1] "session_info" "timing"       "res"          "df"          
0 new features and 1 new methods added to pval table
0 new features and 0 new annotations added to truth table
0 new features and 1 new methods added to padj table
0 new features and 0 new annotations added to truth table
[1] "session_info" "timing"       "res"          "df"          
0 new features and 1 new methods added to pval table
0 new features and 0 new annotations added to truth table
0 new features and 1 new methods added to padj table
0 new features and 0 new annotations added to truth table
[1] "session_info" "timing"       "res"          "df"          
0 new features and 1 new methods added to pval table
0 new features and 0 new annotations added to truth table
0 new features and 1 new methods added to padj table
0 new features and 0 new annotations added to truth table
[1] "session_info" "timing"       "res"          "df"          
0 new features and 1 new methods added to pval table
0 new features and 0 new annotations added to truth table
0 new features and 1 new methods added to padj table
0 new features and 0 new annotations added to truth table
[1] "session_info" "timing"       "res"          "df"          
0 new features and 1 new methods added to pval table
0 new features and 0 new annotations added to truth table
0 new features and 1 new methods added to padj table
0 new features and 0 new annotations added to truth table
[1] "session_info" "timing"       "res"          "df"          
0 new features and 1 new methods added to pval table
0 new features and 0 new annotations added to truth table
0 new features and 1 new methods added to padj table
0 new features and 0 new annotations added to truth table
[1] "session_info" "timing"       "res"          "df"          
0 new features and 1 new methods added to pval table
0 new features and 0 new annotations added to truth table
0 new features and 1 new methods added to padj table
0 new features and 0 new annotations added to truth table
[1] "session_info" "timing"       "res"          "df"          
0 new features and 1 new methods added to pval table
0 new features and 0 new annotations added to truth table
0 new features and 1 new methods added to padj table
0 new features and 0 new annotations added to truth table
[1] "session_info" "timing"       "res"          "df"          
0 new features and 1 new methods added to pval table
0 new features and 0 new annotations added to truth table
0 new features and 1 new methods added to padj table
0 new features and 0 new annotations added to truth table
[1] "session_info" "timing"       "res"          "df"          
0 new features and 1 new methods added to pval table
0 new features and 0 new annotations added to truth table
0 new features and 1 new methods added to padj table
0 new features and 0 new annotations added to truth table
[1] "session_info" "timing"       "res"          "df"          
0 new features and 1 new methods added to pval table
0 new features and 0 new annotations added to truth table
0 new features and 1 new methods added to padj table
0 new features and 0 new annotations added to truth table
[1] "session_info" "timing"       "res"          "df"          
0 new features and 1 new methods added to pval table
0 new features and 0 new annotations added to truth table
0 new features and 1 new methods added to padj table
0 new features and 0 new annotations added to truth table
[1] "session_info" "timing"       "res"          "df"          
0 new features and 1 new methods added to pval table
0 new features and 0 new annotations added to truth table
0 new features and 1 new methods added to padj table
0 new features and 0 new annotations added to truth table
[1] "session_info" "timing"       "res"          "df"          
0 new features and 1 new methods added to pval table
0 new features and 0 new annotations added to truth table
0 new features and 1 new methods added to padj table
0 new features and 0 new annotations added to truth table
[1] "session_info" "timing"       "res"          "df"          
0 new features and 1 new methods added to pval table
0 new features and 0 new annotations added to truth table
0 new features and 1 new methods added to padj table
0 new features and 0 new annotations added to truth table
[1] "session_info" "timing"       "res"          "df"          
0 new features and 1 new methods added to pval table
0 new features and 0 new annotations added to truth table
0 new features and 1 new methods added to padj table
0 new features and 0 new annotations added to truth table
[1] "session_info" "timing"       "res"          "df"          
0 new features and 1 new methods added to pval table
0 new features and 0 new annotations added to truth table
0 new features and 1 new methods added to padj table
0 new features and 0 new annotations added to truth table
[1] "session_info" "timing"       "res"          "df"          
0 new features and 1 new methods added to pval table
0 new features and 0 new annotations added to truth table
0 new features and 1 new methods added to padj table
0 new features and 0 new annotations added to truth table
[1] "session_info" "timing"       "res"          "df"          
0 new features and 1 new methods added to pval table
0 new features and 0 new annotations added to truth table
0 new features and 1 new methods added to padj table
0 new features and 0 new annotations added to truth table
[1] "session_info" "timing"       "res"          "df"          
0 new features and 1 new methods added to pval table
0 new features and 0 new annotations added to truth table
0 new features and 1 new methods added to padj table
0 new features and 0 new annotations added to truth table
[1] "session_info" "timing"       "res"          "df"          
0 new features and 1 new methods added to pval table
0 new features and 0 new annotations added to truth table
0 new features and 1 new methods added to padj table
0 new features and 0 new annotations added to truth table
[1] "session_info" "timing"       "res"          "df"          
0 new features and 1 new methods added to pval table
0 new features and 0 new annotations added to truth table
0 new features and 1 new methods added to padj table
0 new features and 0 new annotations added to truth table
[1] "session_info" "timing"       "res"          "df"          
0 new features and 1 new methods added to pval table
0 new features and 0 new annotations added to truth table
0 new features and 1 new methods added to padj table
0 new features and 0 new annotations added to truth table
[1] "session_info" "timing"       "res"          "df"          
0 new features and 1 new methods added to pval table
0 new features and 0 new annotations added to truth table
0 new features and 1 new methods added to padj table
0 new features and 0 new annotations added to truth table
[1] "session_info" "timing"       "res"          "df"          
0 new features and 1 new methods added to pval table
0 new features and 0 new annotations added to truth table
0 new features and 1 new methods added to padj table
0 new features and 0 new annotations added to truth table
[1] "session_info" "timing"       "res"          "df"          
0 new features and 1 new methods added to pval table
0 new features and 0 new annotations added to truth table
0 new features and 1 new methods added to padj table
0 new features and 0 new annotations added to truth table
[1] "session_info" "timing"       "res"          "df"          
0 new features and 1 new methods added to pval table
0 new features and 0 new annotations added to truth table
0 new features and 1 new methods added to padj table
0 new features and 0 new annotations added to truth table
[1] "session_info" "timing"       "res"          "df"          
0 new features and 1 new methods added to pval table
0 new features and 0 new annotations added to truth table
0 new features and 1 new methods added to padj table
0 new features and 0 new annotations added to truth table
[1] "session_info" "timing"       "res"          "df"          
0 new features and 1 new methods added to pval table
0 new features and 0 new annotations added to truth table
0 new features and 1 new methods added to padj table
0 new features and 0 new annotations added to truth table
[1] "session_info" "timing"       "res"          "df"          
0 new features and 1 new methods added to pval table
0 new features and 0 new annotations added to truth table
0 new features and 1 new methods added to padj table
0 new features and 0 new annotations added to truth table
[1] "session_info" "timing"       "res"          "df"          
0 new features and 1 new methods added to pval table
0 new features and 0 new annotations added to truth table
0 new features and 1 new methods added to padj table
0 new features and 0 new annotations added to truth table
[1] "session_info" "timing"       "res"          "df"          
0 new features and 1 new methods added to pval table
0 new features and 0 new annotations added to truth table
0 new features and 1 new methods added to padj table
0 new features and 0 new annotations added to truth table
[1] "session_info" "timing"       "res"          "df"          
0 new features and 1 new methods added to pval table
0 new features and 0 new annotations added to truth table
0 new features and 1 new methods added to padj table
0 new features and 0 new annotations added to truth table
[1] "session_info" "timing"       "res"          "df"          
0 new features and 1 new methods added to pval table
0 new features and 0 new annotations added to truth table
0 new features and 1 new methods added to padj table
0 new features and 0 new annotations added to truth table
[1] "session_info" "timing"       "res"          "df"          
0 new features and 1 new methods added to pval table
0 new features and 0 new annotations added to truth table
0 new features and 1 new methods added to padj table
0 new features and 0 new annotations added to truth table
[1] "session_info" "timing"       "res"          "df"          
0 new features and 1 new methods added to pval table
0 new features and 0 new annotations added to truth table
0 new features and 1 new methods added to padj table
0 new features and 0 new annotations added to truth table
[1] "session_info" "timing"       "res"          "df"          
0 new features and 1 new methods added to pval table
0 new features and 0 new annotations added to truth table
0 new features and 1 new methods added to padj table
0 new features and 0 new annotations added to truth table
[1] "session_info" "timing"       "res"          "df"          
0 new features and 1 new methods added to pval table
0 new features and 0 new annotations added to truth table
0 new features and 1 new methods added to padj table
0 new features and 0 new annotations added to truth table
[1] "session_info" "timing"       "res"          "df"          
0 new features and 1 new methods added to pval table
0 new features and 0 new annotations added to truth table
0 new features and 1 new methods added to padj table
0 new features and 0 new annotations added to truth table
[1] "session_info" "timing"       "res"          "df"          
0 new features and 1 new methods added to pval table
0 new features and 0 new annotations added to truth table
0 new features and 1 new methods added to padj table
0 new features and 0 new annotations added to truth table
[1] "session_info" "timing"       "res"          "df"          
0 new features and 1 new methods added to pval table
0 new features and 0 new annotations added to truth table
0 new features and 1 new methods added to padj table
0 new features and 0 new annotations added to truth table
[1] "session_info" "timing"       "res"          "df"          
0 new features and 1 new methods added to pval table
0 new features and 0 new annotations added to truth table
0 new features and 1 new methods added to padj table
0 new features and 0 new annotations added to truth table
[1] "session_info" "timing"       "res"          "df"          
0 new features and 1 new methods added to pval table
0 new features and 0 new annotations added to truth table
0 new features and 1 new methods added to padj table
0 new features and 0 new annotations added to truth table
[1] "session_info" "timing"       "res"          "df"          
0 new features and 1 new methods added to pval table
0 new features and 0 new annotations added to truth table
0 new features and 1 new methods added to padj table
0 new features and 0 new annotations added to truth table
[1] "session_info" "timing"       "res"          "df"          
0 new features and 1 new methods added to pval table
0 new features and 0 new annotations added to truth table
0 new features and 1 new methods added to padj table
0 new features and 0 new annotations added to truth table
[1] "session_info" "timing"       "res"          "df"          
0 new features and 1 new methods added to pval table
0 new features and 0 new annotations added to truth table
0 new features and 1 new methods added to padj table
0 new features and 0 new annotations added to truth table
> 
> cobra <- calculate_adjp(cobra)
> 
> ## Add gene characteristics to the COBRA object
> config <- fromJSON(file = config_file)
> mae <- readRDS(config$mae)
> groupid <- config$groupid
> mae <- clean_mae(mae = mae, groupid = groupid)
> 
> subsets <- readRDS(config$subfile)
> keep_samples <- subsets$keep_samples
> imposed_condition <- subsets$out_condition
> 
> sizes <- names(keep_samples)
> truth <- list()
> for (sz in sizes) {   ## for each sample size
+   for (i in 1:nrow(keep_samples[[as.character(sz)]])) {   ## for each replicate
+     message(sz, ".", i)
+     L <- subset_mae(mae, keep_samples, sz, i, imposed_condition, filt = filt)
+     chars <- calculate_gene_characteristics(L)
+     df2 <- chars$characs
+     colnames(df2)[colnames(df2) != "gene"] <- paste0(colnames(df2)[colnames(df2) != "gene"],
+                                                      ".", sz, ".", i)
+     truth[[paste0(sz, ".", i)]] <- df2
+   }
+ }
48.1
24.1
24.2
24.3
24.4
24.5
12.1
12.2
12.3
12.4
12.5
6.1
6.2
6.3
6.4
6.5
> truth <- Reduce(function(...) dplyr::full_join(..., by = "gene"), truth)
There were 15 warnings (use warnings() to see them)
> 
> ## Define "truth" for each method as the genes that are differentially 
> ## expressed with the largest sample size
> tmp <- padj(cobra)[, get_nsamples(colnames(padj(cobra))) == 
+                      max(as.numeric(as.character(get_nsamples(colnames(padj(cobra))))))]
> colnames(tmp) <- paste0(get_method(colnames(tmp)), ".truth")
> tmp <- (tmp <= 0.05)
> mode(tmp) <- "numeric"
> tmp <- tmp[match(truth$gene, rownames(tmp)), ]
> tmp[is.na(tmp)] <- 0
> 
> truth <- dplyr::full_join(truth, 
+                           data.frame(tmp, stringsAsFactors=FALSE) %>% dplyr::mutate(gene = rownames(tmp)), 
+                           by = "gene")
> rownames(truth) <- truth$gene
> 
> cobra <- COBRAData(truth = truth, object_to_extend = cobra)
14147 new features and 219 new annotations added to truth table
> 
> ## Make data frame with number of significant, non-significant and NA calls for
> ## each method
> cobraperf <- calculate_performance(cobra, aspects = "fpr", 
+                                    binary_truth = paste0(demethods[1],
+                                                          exts, ".truth"), thrs = 0.05)
> sign_0.05 <- fpr(cobraperf) %>% dplyr::select(method, NBR, TOT_CALLED) %>%
+   dplyr::rename(nbr_sign0.05 = NBR) %>% dplyr::rename(nbr_called = TOT_CALLED) %>%
+   dplyr::mutate(nbr_nonsign0.05 = nbr_called - nbr_sign0.05) %>%
+   tidyr::separate(method, into = c("method", "ncells", "repl"), sep = "\\.")
> tested <- data.frame(nbr_tested = 
+                        colSums(truth(cobra)[, grep("tested", colnames(truth(cobra)))], na.rm = TRUE))
> tested$dataset <- rownames(tested)
> tested <- tested %>% tidyr::separate(dataset, into = c("type", "ncells", "repl"), sep = "\\.")
> nbr_called <- dplyr::full_join(sign_0.05, tested) %>% dplyr::select(-type)
Joining, by = c("ncells", "repl")
> nbr_called$dataset <- dataset
> nbr_called$filt <- filt
> nbr_called$nbr_NA <- nbr_called$nbr_tested - nbr_called$nbr_called
> 
> saveRDS(timings, file = paste0(outdir, "/", dataset, exts, "_timings.rds"))
> saveRDS(nbr_called, file = paste0(outdir, "/", dataset, exts, "_nbr_called.rds"))
> saveRDS(cobra, file = paste0(outdir, "/", dataset, exts, "_cobra.rds"))
> 
> sessionInfo()
R version 3.3.1 (2016-06-21)
Platform: x86_64-pc-linux-gnu (64-bit)
Running under: Ubuntu 14.04.5 LTS

locale:
 [1] LC_CTYPE=C                 LC_NUMERIC=C              
 [3] LC_TIME=en_CA.UTF-8        LC_COLLATE=en_CA.UTF-8    
 [5] LC_MONETARY=en_CA.UTF-8    LC_MESSAGES=en_CA.UTF-8   
 [7] LC_PAPER=en_CA.UTF-8       LC_NAME=C                 
 [9] LC_ADDRESS=C               LC_TELEPHONE=C            
[11] LC_MEASUREMENT=en_CA.UTF-8 LC_IDENTIFICATION=C       

attached base packages:
 [1] splines   parallel  stats4    stats     graphics  grDevices utils    
 [8] datasets  methods   base     

other attached packages:
 [1] monocle_2.2.0              DDRTree_0.1.4             
 [3] irlba_2.1.2                VGAM_1.0-3                
 [5] ggplot2_2.2.1              Matrix_1.2-8              
 [7] tidyr_0.6.1                dplyr_0.5.0               
 [9] MultiAssayExperiment_1.0.1 SummarizedExperiment_1.4.0
[11] Biobase_2.34.0             GenomicRanges_1.26.2      
[13] GenomeInfoDb_1.10.3        IRanges_2.8.1             
[15] S4Vectors_0.12.1           BiocGenerics_0.20.0       
[17] rjson_0.2.15               iCOBRA_1.2.0              

loaded via a namespace (and not attached):
 [1] Rcpp_0.12.9            lattice_0.20-34        gtools_3.5.0          
 [4] assertthat_0.1         digest_0.6.12          mime_0.5              
 [7] slam_0.1-40            R6_2.2.0               plyr_1.8.4            
[10] qlcMatrix_0.9.5        gplots_3.0.1           zlibbioc_1.20.0       
[13] lazyeval_0.2.0         gdata_2.17.0           DT_0.2                
[16] combinat_0.0-8         stringr_1.1.0          htmlwidgets_0.8       
[19] igraph_1.0.1           pheatmap_1.0.8         RCurl_1.95-4.8        
[22] munsell_0.4.3          shiny_1.0.0            httpuv_1.3.3          
[25] htmltools_0.3.5        tibble_1.2             gridExtra_2.2.1       
[28] matrixStats_0.51.0     shinyBS_0.61           bitops_1.0-6          
[31] grid_3.3.1             xtable_1.8-2           gtable_0.2.0          
[34] DBI_0.5-1              magrittr_1.5           scales_0.4.1          
[37] KernSmooth_2.23-15     stringi_1.1.2          XVector_0.14.0        
[40] ROCR_1.0-7             reshape2_1.4.2         limma_3.30.13         
[43] fastICA_1.2-0          RColorBrewer_1.1-2     tools_3.3.1           
[46] HSMMSingleCell_0.108.0 colorspace_1.3-2       cluster_2.0.5         
[49] UpSetR_1.3.2           caTools_1.17.1         shinydashboard_0.5.3  
> 
> proc.time()
    user   system  elapsed 
 315.414  442.244 1062.311 
