
R version 3.3.1 (2016-06-21) -- "Bug in Your Hair"
Copyright (C) 2016 The R Foundation for Statistical Computing
Platform: x86_64-pc-linux-gnu (64-bit)

R is free software and comes with ABSOLUTELY NO WARRANTY.
You are welcome to redistribute it under certain conditions.
Type 'license()' or 'licence()' for distribution details.

  Natural language support but running in an English locale

R is a collaborative project with many contributors.
Type 'contributors()' for more information and
'citation()' on how to cite R or R packages in publications.

Type 'demo()' for some demos, 'help()' for on-line help, or
'help.start()' for an HTML browser interface to help.
Type 'q()' to quit R.

During startup - Warning message:
Setting LC_CTYPE failed, using "C" 
> args <- (commandArgs(trailingOnly = TRUE))
> for (i in 1:length(args)) {
+   eval(parse(text = args[[i]]))
+ }
> 
> print(dataset)
[1] "GSE63818-GPL16791"
> print(filt)
[1] "TPM_1_25p"
> print(plottype)
[1] "consistency"
> 
> source("/home/Shared/data/seq/conquer/comparison/scripts/plot_setup.R")
Warning message:
package 'ggplot2' was built under R version 3.3.2 
> source(paste0("/home/Shared/data/seq/conquer/comparison/scripts/plot_single_dataset_", plottype, ".R"))
> 
> if (filt == "") {
+   exts <- filt
+ } else {
+   exts <- paste0("_", filt)
+ }
> names(cols) <- paste0(names(cols), exts)
> 
> 
> pdf(paste0("figures/", plottype, "/", dataset, exts, "_", plottype, ".pdf"), width = 16, height = 9)
> summary_data <- list()
> if (plottype == "timing") {
+   timings <- readRDS(paste0("figures/cobra_data/", dataset, exts, "_timings.rds"))
+   summary_data <- get(paste0("plot_", plottype))(timings, colvec = cols,
+                                                  exts = exts, summary_data = summary_data)
+ } else if (plottype == "consistency") {
+   cobra <- readRDS(paste0("figures/cobra_data/", dataset, exts, "_cobra.rds"))
+   concordances <- readRDS(paste0("figures/consistency/", dataset, exts, "_concordances.rds"))
+   summary_data <- get(paste0("plot_", plottype))(cobra, concordances = concordances,
+                                                  colvec = cols, exts = exts, summary_data = summary_data)
+ } else if (plottype == "results_relativetruth_all") {
+   cobra <- readRDS(paste0("figures/cobra_data/", dataset, exts, "_cobra.rds"))
+   relperf_alltruths <- readRDS(paste0("figures/results_relativetruth_all/", 
+                                       dataset, exts, "_relative_performance.rds"))
+   summary_data <- get(paste0("plot_", plottype))(cobra, relperf_alltruths = relperf_alltruths, 
+                                                  colvec = cols, exts = exts, summary_data = summary_data)
+ } else if (plottype == "performance_realtruth") {
+   cobraperf <- readRDS(paste0("figures/performance_realtruth/", dataset, exts, "_performance.rds"))
+   summary_data <- get(paste0("plot_", plottype))(cobraperf, 
+                                                  colvec = cols, exts = exts, summary_data = summary_data)
+ } else {
+   cobra <- readRDS(paste0("figures/cobra_data/", dataset, exts, "_cobra.rds"))
+   summary_data <- get(paste0("plot_", plottype))(cobra, colvec = cols, exts = exts, summary_data = summary_data)
+ }
`stat_bin()` using `bins = 30`. Pick better value with `binwidth`.
`geom_smooth()` using method = 'loess'
12.1
12.2
12.3
12.4
12.5
26.1
26.2
26.3
26.4
26.5
6.1
6.2
6.3
6.4
6.5
BPSC_TPM_1_25p
D3E_TPM_1_25p
DESeq2_TPM_1_25p
DESeq2census_TPM_1_25p
DESeq2nofilt_TPM_1_25p
edgeRLRT_TPM_1_25p
edgeRLRTcensus_TPM_1_25p
edgeRLRTdeconv_TPM_1_25p
edgeRLRTrobust_TPM_1_25p
edgeRQLF_TPM_1_25p
MASTcpm_TPM_1_25p
MASTcpmDetRate_TPM_1_25p
MASTtpm_TPM_1_25p
MASTtpmDetRate_TPM_1_25p
monocle_TPM_1_25p
monoclecensus_TPM_1_25p
NODES_TPM_1_25p
SAMseq_TPM_1_25p
SCDE_TPM_1_25p
Seurat_TPM_1_25p
Seuratnofilt_TPM_1_25p
voomlimma_TPM_1_25p
Wilcoxon_TPM_1_25p
zingeR_TPM_1_25p
zingeRauto_TPM_1_25p
zingeRautonofilt_TPM_1_25p
BPSC_TPM_1_25p.12
BPSC_TPM_1_25p.26
BPSC_TPM_1_25p.6
D3E_TPM_1_25p.12
D3E_TPM_1_25p.26
D3E_TPM_1_25p.6
DESeq2_TPM_1_25p.12
DESeq2_TPM_1_25p.26
DESeq2_TPM_1_25p.6
DESeq2census_TPM_1_25p.12
DESeq2census_TPM_1_25p.26
DESeq2census_TPM_1_25p.6
DESeq2nofilt_TPM_1_25p.12
DESeq2nofilt_TPM_1_25p.26
DESeq2nofilt_TPM_1_25p.6
edgeRLRT_TPM_1_25p.12
edgeRLRT_TPM_1_25p.26
edgeRLRT_TPM_1_25p.6
edgeRLRTcensus_TPM_1_25p.12
edgeRLRTcensus_TPM_1_25p.26
edgeRLRTcensus_TPM_1_25p.6
edgeRLRTdeconv_TPM_1_25p.12
edgeRLRTdeconv_TPM_1_25p.26
edgeRLRTdeconv_TPM_1_25p.6
edgeRLRTrobust_TPM_1_25p.12
edgeRLRTrobust_TPM_1_25p.26
edgeRLRTrobust_TPM_1_25p.6
edgeRQLF_TPM_1_25p.12
edgeRQLF_TPM_1_25p.26
edgeRQLF_TPM_1_25p.6
MASTcpm_TPM_1_25p.12
MASTcpm_TPM_1_25p.26
MASTcpm_TPM_1_25p.6
MASTcpmDetRate_TPM_1_25p.12
MASTcpmDetRate_TPM_1_25p.26
MASTcpmDetRate_TPM_1_25p.6
MASTtpm_TPM_1_25p.12
MASTtpm_TPM_1_25p.26
MASTtpm_TPM_1_25p.6
MASTtpmDetRate_TPM_1_25p.12
MASTtpmDetRate_TPM_1_25p.26
MASTtpmDetRate_TPM_1_25p.6
monocle_TPM_1_25p.12
monocle_TPM_1_25p.26
monocle_TPM_1_25p.6
monoclecensus_TPM_1_25p.12
monoclecensus_TPM_1_25p.26
monoclecensus_TPM_1_25p.6
NODES_TPM_1_25p.12
NODES_TPM_1_25p.26
NODES_TPM_1_25p.6
SAMseq_TPM_1_25p.12
SAMseq_TPM_1_25p.26
SAMseq_TPM_1_25p.6
SCDE_TPM_1_25p.12
SCDE_TPM_1_25p.26
SCDE_TPM_1_25p.6
Seurat_TPM_1_25p.12
Seurat_TPM_1_25p.26
Seurat_TPM_1_25p.6
Seuratnofilt_TPM_1_25p.12
Seuratnofilt_TPM_1_25p.26
Seuratnofilt_TPM_1_25p.6
voomlimma_TPM_1_25p.12
voomlimma_TPM_1_25p.26
voomlimma_TPM_1_25p.6
Wilcoxon_TPM_1_25p.12
Wilcoxon_TPM_1_25p.26
Wilcoxon_TPM_1_25p.6
zingeR_TPM_1_25p.12
zingeR_TPM_1_25p.26
zingeR_TPM_1_25p.6
zingeRauto_TPM_1_25p.12
zingeRauto_TPM_1_25p.26
zingeRauto_TPM_1_25p.6
zingeRautonofilt_TPM_1_25p.12
zingeRautonofilt_TPM_1_25p.26
zingeRautonofilt_TPM_1_25p.6
There were 50 or more warnings (use warnings() to see the first 50)
> dev.off()
null device 
          1 
> 
> summary_data <- lapply(summary_data, function(L) {
+   L$dataset <- dataset
+   L$filt <- filt
+   L
+ })
> 
> saveRDS(summary_data, file = paste0("figures/", plottype, "/", dataset, 
+                                     exts, "_", plottype, "_summary_data.rds"))
> 
> sessionInfo()
R version 3.3.1 (2016-06-21)
Platform: x86_64-pc-linux-gnu (64-bit)
Running under: Ubuntu 14.04.5 LTS

locale:
 [1] LC_CTYPE=C                 LC_NUMERIC=C              
 [3] LC_TIME=en_CA.UTF-8        LC_COLLATE=en_CA.UTF-8    
 [5] LC_MONETARY=en_CA.UTF-8    LC_MESSAGES=en_CA.UTF-8   
 [7] LC_PAPER=en_CA.UTF-8       LC_NAME=C                 
 [9] LC_ADDRESS=C               LC_TELEPHONE=C            
[11] LC_MEASUREMENT=en_CA.UTF-8 LC_IDENTIFICATION=C       

attached base packages:
 [1] grid      stats4    parallel  stats     graphics  grDevices utils    
 [8] datasets  methods   base     

other attached packages:
 [1] scatterplot3d_0.3-38       RColorBrewer_1.1-2        
 [3] ggbiplot_0.55              scales_0.4.1              
 [5] plyr_1.8.4                 lazyeval_0.2.0            
 [7] UpSetR_1.3.2               akima_0.6-2               
 [9] MultiAssayExperiment_1.0.1 SummarizedExperiment_1.4.0
[11] GenomicRanges_1.26.2       GenomeInfoDb_1.10.3       
[13] IRanges_2.8.1              S4Vectors_0.12.1          
[15] Biobase_2.34.0             BiocGenerics_0.20.0       
[17] rjson_0.2.15               reshape2_1.4.2            
[19] iCOBRA_1.2.0               tidyr_0.6.1               
[21] dplyr_0.5.0                ggrepel_0.6.5             
[23] ggplot2_2.2.1              pheatmap_1.0.8            

loaded via a namespace (and not attached):
 [1] gtools_3.5.0         lattice_0.20-34      colorspace_1.3-2    
 [4] htmltools_0.3.5      DBI_0.5-1            sp_1.2-4            
 [7] stringr_1.1.0        zlibbioc_1.20.0      munsell_0.4.3       
[10] gtable_0.2.0         caTools_1.17.1       htmlwidgets_0.8     
[13] labeling_0.3         httpuv_1.3.3         Rcpp_0.12.9         
[16] KernSmooth_2.23-15   xtable_1.8-2         ROCR_1.0-7          
[19] DT_0.2               gdata_2.17.0         limma_3.30.13       
[22] XVector_0.14.0       mime_0.5             gplots_3.0.1        
[25] gridExtra_2.2.1      digest_0.6.12        stringi_1.1.2       
[28] shiny_1.0.0          tools_3.3.1          bitops_1.0-6        
[31] magrittr_1.5         RCurl_1.95-4.8       tibble_1.2          
[34] Matrix_1.2-8         shinyBS_0.61         shinydashboard_0.5.3
[37] assertthat_0.1       R6_2.2.0            
> 
> proc.time()
   user  system elapsed 
330.067  10.297 342.650 
